<?xml version="1.0"?>
<link_info>
   <banner>MSP430 Linker PC v4.4.5</banner>
   <copyright>Copyright (c) 2003-2015 Texas Instruments Incorporated</copyright>
   <link_time>0x570fd116</link_time>
   <link_errors>0x0</link_errors>
   <output_file>Bluetooth Robot 230400 Baud.out</output_file>
   <entry_point>
      <name>_c_int00_noargs</name>
      <address>0x469e</address>
   </entry_point>
   <input_file_list>
      <input_file id="fl-2">
         <path>.\</path>
         <kind>object</kind>
         <file>main.obj</file>
         <name>main.obj</name>
      </input_file>
      <input_file id="fl-37">
         <path>C:\ti\ccsv6\tools\compiler\ti-cgt-msp430_4.4.5\lib\</path>
         <kind>archive</kind>
         <file>rts430x_lc_rd_eabi.lib</file>
         <name>abs.obj</name>
      </input_file>
      <input_file id="fl-38">
         <path>C:\ti\ccsv6\tools\compiler\ti-cgt-msp430_4.4.5\lib\</path>
         <kind>archive</kind>
         <file>rts430x_lc_rd_eabi.lib</file>
         <name>addd.obj</name>
      </input_file>
      <input_file id="fl-39">
         <path>C:\ti\ccsv6\tools\compiler\ti-cgt-msp430_4.4.5\lib\</path>
         <kind>archive</kind>
         <file>rts430x_lc_rd_eabi.lib</file>
         <name>atoi.obj</name>
      </input_file>
      <input_file id="fl-3a">
         <path>C:\ti\ccsv6\tools\compiler\ti-cgt-msp430_4.4.5\lib\</path>
         <kind>archive</kind>
         <file>rts430x_lc_rd_eabi.lib</file>
         <name>boot.obj</name>
      </input_file>
      <input_file id="fl-3b">
         <path>C:\ti\ccsv6\tools\compiler\ti-cgt-msp430_4.4.5\lib\</path>
         <kind>archive</kind>
         <file>rts430x_lc_rd_eabi.lib</file>
         <name>boot_special.obj</name>
      </input_file>
      <input_file id="fl-3c">
         <path>C:\ti\ccsv6\tools\compiler\ti-cgt-msp430_4.4.5\lib\</path>
         <kind>archive</kind>
         <file>rts430x_lc_rd_eabi.lib</file>
         <name>copy_decompress_none.obj</name>
      </input_file>
      <input_file id="fl-3d">
         <path>C:\ti\ccsv6\tools\compiler\ti-cgt-msp430_4.4.5\lib\</path>
         <kind>archive</kind>
         <file>rts430x_lc_rd_eabi.lib</file>
         <name>copy_decompress_rle.obj</name>
      </input_file>
      <input_file id="fl-3e">
         <path>C:\ti\ccsv6\tools\compiler\ti-cgt-msp430_4.4.5\lib\</path>
         <kind>archive</kind>
         <file>rts430x_lc_rd_eabi.lib</file>
         <name>copy_zero_init.obj</name>
      </input_file>
      <input_file id="fl-3f">
         <path>C:\ti\ccsv6\tools\compiler\ti-cgt-msp430_4.4.5\lib\</path>
         <kind>archive</kind>
         <file>rts430x_lc_rd_eabi.lib</file>
         <name>ctype.obj</name>
      </input_file>
      <input_file id="fl-40">
         <path>C:\ti\ccsv6\tools\compiler\ti-cgt-msp430_4.4.5\lib\</path>
         <kind>archive</kind>
         <file>rts430x_lc_rd_eabi.lib</file>
         <name>cvtfd.obj</name>
      </input_file>
      <input_file id="fl-41">
         <path>C:\ti\ccsv6\tools\compiler\ti-cgt-msp430_4.4.5\lib\</path>
         <kind>archive</kind>
         <file>rts430x_lc_rd_eabi.lib</file>
         <name>exit.obj</name>
      </input_file>
      <input_file id="fl-42">
         <path>C:\ti\ccsv6\tools\compiler\ti-cgt-msp430_4.4.5\lib\</path>
         <kind>archive</kind>
         <file>rts430x_lc_rd_eabi.lib</file>
         <name>exit_gvars.obj</name>
      </input_file>
      <input_file id="fl-43">
         <path>C:\ti\ccsv6\tools\compiler\ti-cgt-msp430_4.4.5\lib\</path>
         <kind>archive</kind>
         <file>rts430x_lc_rd_eabi.lib</file>
         <name>fixdi.obj</name>
      </input_file>
      <input_file id="fl-44">
         <path>C:\ti\ccsv6\tools\compiler\ti-cgt-msp430_4.4.5\lib\</path>
         <kind>archive</kind>
         <file>rts430x_lc_rd_eabi.lib</file>
         <name>fixdli.obj</name>
      </input_file>
      <input_file id="fl-45">
         <path>C:\ti\ccsv6\tools\compiler\ti-cgt-msp430_4.4.5\lib\</path>
         <kind>archive</kind>
         <file>rts430x_lc_rd_eabi.lib</file>
         <name>fminf.obj</name>
      </input_file>
      <input_file id="fl-46">
         <path>C:\ti\ccsv6\tools\compiler\ti-cgt-msp430_4.4.5\lib\</path>
         <kind>archive</kind>
         <file>rts430x_lc_rd_eabi.lib</file>
         <name>frcaddd.obj</name>
      </input_file>
      <input_file id="fl-47">
         <path>C:\ti\ccsv6\tools\compiler\ti-cgt-msp430_4.4.5\lib\</path>
         <kind>archive</kind>
         <file>rts430x_lc_rd_eabi.lib</file>
         <name>fs_add.obj</name>
      </input_file>
      <input_file id="fl-48">
         <path>C:\ti\ccsv6\tools\compiler\ti-cgt-msp430_4.4.5\lib\</path>
         <kind>archive</kind>
         <file>rts430x_lc_rd_eabi.lib</file>
         <name>fs_cmp.obj</name>
      </input_file>
      <input_file id="fl-49">
         <path>C:\ti\ccsv6\tools\compiler\ti-cgt-msp430_4.4.5\lib\</path>
         <kind>archive</kind>
         <file>rts430x_lc_rd_eabi.lib</file>
         <name>fs_div.obj</name>
      </input_file>
      <input_file id="fl-4a">
         <path>C:\ti\ccsv6\tools\compiler\ti-cgt-msp430_4.4.5\lib\</path>
         <kind>archive</kind>
         <file>rts430x_lc_rd_eabi.lib</file>
         <name>fs_itof.obj</name>
      </input_file>
      <input_file id="fl-4b">
         <path>C:\ti\ccsv6\tools\compiler\ti-cgt-msp430_4.4.5\lib\</path>
         <kind>archive</kind>
         <file>rts430x_lc_rd_eabi.lib</file>
         <name>fs_mpy.obj</name>
      </input_file>
      <input_file id="fl-4c">
         <path>C:\ti\ccsv6\tools\compiler\ti-cgt-msp430_4.4.5\lib\</path>
         <kind>archive</kind>
         <file>rts430x_lc_rd_eabi.lib</file>
         <name>fs_tou.obj</name>
      </input_file>
      <input_file id="fl-4d">
         <path>C:\ti\ccsv6\tools\compiler\ti-cgt-msp430_4.4.5\lib\</path>
         <kind>archive</kind>
         <file>rts430x_lc_rd_eabi.lib</file>
         <name>fs_utof.obj</name>
      </input_file>
      <input_file id="fl-4e">
         <path>C:\ti\ccsv6\tools\compiler\ti-cgt-msp430_4.4.5\lib\</path>
         <kind>archive</kind>
         <file>rts430x_lc_rd_eabi.lib</file>
         <name>int41.obj</name>
      </input_file>
      <input_file id="fl-4f">
         <path>C:\ti\ccsv6\tools\compiler\ti-cgt-msp430_4.4.5\lib\</path>
         <kind>archive</kind>
         <file>rts430x_lc_rd_eabi.lib</file>
         <name>int42.obj</name>
      </input_file>
      <input_file id="fl-50">
         <path>C:\ti\ccsv6\tools\compiler\ti-cgt-msp430_4.4.5\lib\</path>
         <kind>archive</kind>
         <file>rts430x_lc_rd_eabi.lib</file>
         <name>int43.obj</name>
      </input_file>
      <input_file id="fl-51">
         <path>C:\ti\ccsv6\tools\compiler\ti-cgt-msp430_4.4.5\lib\</path>
         <kind>archive</kind>
         <file>rts430x_lc_rd_eabi.lib</file>
         <name>int44.obj</name>
      </input_file>
      <input_file id="fl-52">
         <path>C:\ti\ccsv6\tools\compiler\ti-cgt-msp430_4.4.5\lib\</path>
         <kind>archive</kind>
         <file>rts430x_lc_rd_eabi.lib</file>
         <name>int45.obj</name>
      </input_file>
      <input_file id="fl-53">
         <path>C:\ti\ccsv6\tools\compiler\ti-cgt-msp430_4.4.5\lib\</path>
         <kind>archive</kind>
         <file>rts430x_lc_rd_eabi.lib</file>
         <name>int46.obj</name>
      </input_file>
      <input_file id="fl-54">
         <path>C:\ti\ccsv6\tools\compiler\ti-cgt-msp430_4.4.5\lib\</path>
         <kind>archive</kind>
         <file>rts430x_lc_rd_eabi.lib</file>
         <name>int47.obj</name>
      </input_file>
      <input_file id="fl-55">
         <path>C:\ti\ccsv6\tools\compiler\ti-cgt-msp430_4.4.5\lib\</path>
         <kind>archive</kind>
         <file>rts430x_lc_rd_eabi.lib</file>
         <name>int49.obj</name>
      </input_file>
      <input_file id="fl-56">
         <path>C:\ti\ccsv6\tools\compiler\ti-cgt-msp430_4.4.5\lib\</path>
         <kind>archive</kind>
         <file>rts430x_lc_rd_eabi.lib</file>
         <name>int50.obj</name>
      </input_file>
      <input_file id="fl-57">
         <path>C:\ti\ccsv6\tools\compiler\ti-cgt-msp430_4.4.5\lib\</path>
         <kind>archive</kind>
         <file>rts430x_lc_rd_eabi.lib</file>
         <name>int51.obj</name>
      </input_file>
      <input_file id="fl-58">
         <path>C:\ti\ccsv6\tools\compiler\ti-cgt-msp430_4.4.5\lib\</path>
         <kind>archive</kind>
         <file>rts430x_lc_rd_eabi.lib</file>
         <name>int53.obj</name>
      </input_file>
      <input_file id="fl-59">
         <path>C:\ti\ccsv6\tools\compiler\ti-cgt-msp430_4.4.5\lib\</path>
         <kind>archive</kind>
         <file>rts430x_lc_rd_eabi.lib</file>
         <name>int54.obj</name>
      </input_file>
      <input_file id="fl-5a">
         <path>C:\ti\ccsv6\tools\compiler\ti-cgt-msp430_4.4.5\lib\</path>
         <kind>archive</kind>
         <file>rts430x_lc_rd_eabi.lib</file>
         <name>int55.obj</name>
      </input_file>
      <input_file id="fl-5b">
         <path>C:\ti\ccsv6\tools\compiler\ti-cgt-msp430_4.4.5\lib\</path>
         <kind>archive</kind>
         <file>rts430x_lc_rd_eabi.lib</file>
         <name>int57.obj</name>
      </input_file>
      <input_file id="fl-5c">
         <path>C:\ti\ccsv6\tools\compiler\ti-cgt-msp430_4.4.5\lib\</path>
         <kind>archive</kind>
         <file>rts430x_lc_rd_eabi.lib</file>
         <name>int58.obj</name>
      </input_file>
      <input_file id="fl-5d">
         <path>C:\ti\ccsv6\tools\compiler\ti-cgt-msp430_4.4.5\lib\</path>
         <kind>archive</kind>
         <file>rts430x_lc_rd_eabi.lib</file>
         <name>int59.obj</name>
      </input_file>
      <input_file id="fl-5e">
         <path>C:\ti\ccsv6\tools\compiler\ti-cgt-msp430_4.4.5\lib\</path>
         <kind>archive</kind>
         <file>rts430x_lc_rd_eabi.lib</file>
         <name>int60.obj</name>
      </input_file>
      <input_file id="fl-5f">
         <path>C:\ti\ccsv6\tools\compiler\ti-cgt-msp430_4.4.5\lib\</path>
         <kind>archive</kind>
         <file>rts430x_lc_rd_eabi.lib</file>
         <name>int61.obj</name>
      </input_file>
      <input_file id="fl-60">
         <path>C:\ti\ccsv6\tools\compiler\ti-cgt-msp430_4.4.5\lib\</path>
         <kind>archive</kind>
         <file>rts430x_lc_rd_eabi.lib</file>
         <name>int62.obj</name>
      </input_file>
      <input_file id="fl-61">
         <path>C:\ti\ccsv6\tools\compiler\ti-cgt-msp430_4.4.5\lib\</path>
         <kind>archive</kind>
         <file>rts430x_lc_rd_eabi.lib</file>
         <name>isr_trap.obj</name>
      </input_file>
      <input_file id="fl-62">
         <path>C:\ti\ccsv6\tools\compiler\ti-cgt-msp430_4.4.5\lib\</path>
         <kind>archive</kind>
         <file>rts430x_lc_rd_eabi.lib</file>
         <name>lsl32.obj</name>
      </input_file>
      <input_file id="fl-63">
         <path>C:\ti\ccsv6\tools\compiler\ti-cgt-msp430_4.4.5\lib\</path>
         <kind>archive</kind>
         <file>rts430x_lc_rd_eabi.lib</file>
         <name>lsr32.obj</name>
      </input_file>
      <input_file id="fl-64">
         <path>C:\ti\ccsv6\tools\compiler\ti-cgt-msp430_4.4.5\lib\</path>
         <kind>archive</kind>
         <file>rts430x_lc_rd_eabi.lib</file>
         <name>memcpy.obj</name>
      </input_file>
      <input_file id="fl-65">
         <path>C:\ti\ccsv6\tools\compiler\ti-cgt-msp430_4.4.5\lib\</path>
         <kind>archive</kind>
         <file>rts430x_lc_rd_eabi.lib</file>
         <name>mpu_init.obj</name>
      </input_file>
      <input_file id="fl-66">
         <path>C:\ti\ccsv6\tools\compiler\ti-cgt-msp430_4.4.5\lib\</path>
         <kind>archive</kind>
         <file>rts430x_lc_rd_eabi.lib</file>
         <name>mpyd.obj</name>
      </input_file>
      <input_file id="fl-67">
         <path>C:\ti\ccsv6\tools\compiler\ti-cgt-msp430_4.4.5\lib\</path>
         <kind>archive</kind>
         <file>rts430x_lc_rd_eabi.lib</file>
         <name>mult16.obj</name>
      </input_file>
      <input_file id="fl-68">
         <path>C:\ti\ccsv6\tools\compiler\ti-cgt-msp430_4.4.5\lib\</path>
         <kind>archive</kind>
         <file>rts430x_lc_rd_eabi.lib</file>
         <name>mult1632_f5hw.obj</name>
      </input_file>
      <input_file id="fl-69">
         <path>C:\ti\ccsv6\tools\compiler\ti-cgt-msp430_4.4.5\lib\</path>
         <kind>archive</kind>
         <file>rts430x_lc_rd_eabi.lib</file>
         <name>mult16_f5hw.obj</name>
      </input_file>
      <input_file id="fl-6a">
         <path>C:\ti\ccsv6\tools\compiler\ti-cgt-msp430_4.4.5\lib\</path>
         <kind>archive</kind>
         <file>rts430x_lc_rd_eabi.lib</file>
         <name>mult3264_f5hw.obj</name>
      </input_file>
      <input_file id="fl-6b">
         <path>C:\ti\ccsv6\tools\compiler\ti-cgt-msp430_4.4.5\lib\</path>
         <kind>archive</kind>
         <file>rts430x_lc_rd_eabi.lib</file>
         <name>mult32_f5hw.obj</name>
      </input_file>
      <input_file id="fl-6c">
         <path>C:\ti\ccsv6\tools\compiler\ti-cgt-msp430_4.4.5\lib\</path>
         <kind>archive</kind>
         <file>rts430x_lc_rd_eabi.lib</file>
         <name>mult64_f5hw.obj</name>
      </input_file>
      <input_file id="fl-6d">
         <path>C:\ti\ccsv6\tools\compiler\ti-cgt-msp430_4.4.5\lib\</path>
         <kind>archive</kind>
         <file>rts430x_lc_rd_eabi.lib</file>
         <name>pre_init.obj</name>
      </input_file>
      <input_file id="fl-6e">
         <path>C:\ti\ccsv6\tools\compiler\ti-cgt-msp430_4.4.5\lib\</path>
         <kind>archive</kind>
         <file>rts430x_lc_rd_eabi.lib</file>
         <name>printf.obj</name>
      </input_file>
      <input_file id="fl-6f">
         <path>C:\ti\ccsv6\tools\compiler\ti-cgt-msp430_4.4.5\lib\</path>
         <kind>archive</kind>
         <file>rts430x_lc_rd_eabi.lib</file>
         <name>renormd.obj</name>
      </input_file>
      <input_file id="fl-70">
         <path>C:\ti\ccsv6\tools\compiler\ti-cgt-msp430_4.4.5\lib\</path>
         <kind>archive</kind>
         <file>rts430x_lc_rd_eabi.lib</file>
         <name>strtok.obj</name>
      </input_file>
      <input_file id="fl-71">
         <path>C:\ti\ccsv6\tools\compiler\ti-cgt-msp430_4.4.5\lib\</path>
         <kind>archive</kind>
         <file>rts430x_lc_rd_eabi.lib</file>
         <name>_lock.obj</name>
      </input_file>
      <input_file id="fl-72">
         <path>C:\ti\ccsv6\tools\compiler\ti-cgt-msp430_4.4.5\lib\</path>
         <kind>archive</kind>
         <file>rts430x_lc_rd_eabi.lib</file>
         <name>_printfi_min.obj</name>
      </input_file>
      <input_file id="fl-73">
         <path>C:\ti\ccsv6\tools\compiler\ti-cgt-msp430_4.4.5\lib\</path>
         <kind>archive</kind>
         <file>rts430x_lc_rd_eabi.lib</file>
         <name>args_main.obj</name>
      </input_file>
      <input_file id="fl-74">
         <path>C:\ti\ccsv6\tools\compiler\ti-cgt-msp430_4.4.5\lib\</path>
         <kind>archive</kind>
         <file>rts430x_lc_rd_eabi.lib</file>
         <name>asr32.obj</name>
      </input_file>
      <input_file id="fl-75">
         <path>C:\ti\ccsv6\tools\compiler\ti-cgt-msp430_4.4.5\lib\</path>
         <kind>archive</kind>
         <file>rts430x_lc_rd_eabi.lib</file>
         <name>autoinit_wdt.obj</name>
      </input_file>
      <input_file id="fl-76">
         <path>C:\ti\ccsv6\tools\compiler\ti-cgt-msp430_4.4.5\lib\</path>
         <kind>archive</kind>
         <file>rts430x_lc_rd_eabi.lib</file>
         <name>defs.obj</name>
      </input_file>
      <input_file id="fl-77">
         <path>C:\ti\ccsv6\tools\compiler\ti-cgt-msp430_4.4.5\lib\</path>
         <kind>archive</kind>
         <file>rts430x_lc_rd_eabi.lib</file>
         <name>div16u.obj</name>
      </input_file>
      <input_file id="fl-78">
         <path>C:\ti\ccsv6\tools\compiler\ti-cgt-msp430_4.4.5\lib\</path>
         <kind>archive</kind>
         <file>rts430x_lc_rd_eabi.lib</file>
         <name>fputc.obj</name>
      </input_file>
      <input_file id="fl-79">
         <path>C:\ti\ccsv6\tools\compiler\ti-cgt-msp430_4.4.5\lib\</path>
         <kind>archive</kind>
         <file>rts430x_lc_rd_eabi.lib</file>
         <name>fputs.obj</name>
      </input_file>
      <input_file id="fl-7a">
         <path>C:\ti\ccsv6\tools\compiler\ti-cgt-msp430_4.4.5\lib\</path>
         <kind>archive</kind>
         <file>rts430x_lc_rd_eabi.lib</file>
         <name>frcmpyd.obj</name>
      </input_file>
      <input_file id="fl-7b">
         <path>C:\ti\ccsv6\tools\compiler\ti-cgt-msp430_4.4.5\lib\</path>
         <kind>archive</kind>
         <file>rts430x_lc_rd_eabi.lib</file>
         <name>lowlev.obj</name>
      </input_file>
      <input_file id="fl-7c">
         <path>C:\ti\ccsv6\tools\compiler\ti-cgt-msp430_4.4.5\lib\</path>
         <kind>archive</kind>
         <file>rts430x_lc_rd_eabi.lib</file>
         <name>memccpy.obj</name>
      </input_file>
      <input_file id="fl-7d">
         <path>C:\ti\ccsv6\tools\compiler\ti-cgt-msp430_4.4.5\lib\</path>
         <kind>archive</kind>
         <file>rts430x_lc_rd_eabi.lib</file>
         <name>memchr.obj</name>
      </input_file>
      <input_file id="fl-7e">
         <path>C:\ti\ccsv6\tools\compiler\ti-cgt-msp430_4.4.5\lib\</path>
         <kind>archive</kind>
         <file>rts430x_lc_rd_eabi.lib</file>
         <name>memset.obj</name>
      </input_file>
      <input_file id="fl-7f">
         <path>C:\ti\ccsv6\tools\compiler\ti-cgt-msp430_4.4.5\lib\</path>
         <kind>archive</kind>
         <file>rts430x_lc_rd_eabi.lib</file>
         <name>mult32.obj</name>
      </input_file>
      <input_file id="fl-80">
         <path>C:\ti\ccsv6\tools\compiler\ti-cgt-msp430_4.4.5\lib\</path>
         <kind>archive</kind>
         <file>rts430x_lc_rd_eabi.lib</file>
         <name>strchr.obj</name>
      </input_file>
      <input_file id="fl-81">
         <path>C:\ti\ccsv6\tools\compiler\ti-cgt-msp430_4.4.5\lib\</path>
         <kind>archive</kind>
         <file>rts430x_lc_rd_eabi.lib</file>
         <name>strcmp.obj</name>
      </input_file>
      <input_file id="fl-82">
         <path>C:\ti\ccsv6\tools\compiler\ti-cgt-msp430_4.4.5\lib\</path>
         <kind>archive</kind>
         <file>rts430x_lc_rd_eabi.lib</file>
         <name>strcspn.obj</name>
      </input_file>
      <input_file id="fl-83">
         <path>C:\ti\ccsv6\tools\compiler\ti-cgt-msp430_4.4.5\lib\</path>
         <kind>archive</kind>
         <file>rts430x_lc_rd_eabi.lib</file>
         <name>strlen.obj</name>
      </input_file>
      <input_file id="fl-84">
         <path>C:\ti\ccsv6\tools\compiler\ti-cgt-msp430_4.4.5\lib\</path>
         <kind>archive</kind>
         <file>rts430x_lc_rd_eabi.lib</file>
         <name>strncpy.obj</name>
      </input_file>
      <input_file id="fl-85">
         <path>C:\ti\ccsv6\tools\compiler\ti-cgt-msp430_4.4.5\lib\</path>
         <kind>archive</kind>
         <file>rts430x_lc_rd_eabi.lib</file>
         <name>strspn.obj</name>
      </input_file>
      <input_file id="fl-86">
         <path>C:\ti\ccsv6\tools\compiler\ti-cgt-msp430_4.4.5\lib\</path>
         <kind>archive</kind>
         <file>rts430x_lc_rd_eabi.lib</file>
         <name>trgdrv.obj</name>
      </input_file>
      <input_file id="fl-87">
         <path>C:\ti\ccsv6\tools\compiler\ti-cgt-msp430_4.4.5\lib\</path>
         <kind>archive</kind>
         <file>rts430x_lc_rd_eabi.lib</file>
         <name>trgmsg.obj</name>
      </input_file>
      <input_file id="fl-88">
         <path>C:\ti\ccsv6\tools\compiler\ti-cgt-msp430_4.4.5\lib\</path>
         <kind>archive</kind>
         <file>rts430x_lc_rd_eabi.lib</file>
         <name>_io_perm.obj</name>
      </input_file>
      <input_file id="fl-89">
         <path>C:\ti\ccsv6\tools\compiler\ti-cgt-msp430_4.4.5\lib\</path>
         <kind>archive</kind>
         <file>rts430x_lc_rd_eabi.lib</file>
         <name>div16s.obj</name>
      </input_file>
      <input_file id="fl-8a">
         <path>C:\ti\ccsv6\tools\compiler\ti-cgt-msp430_4.4.5\lib\</path>
         <kind>archive</kind>
         <file>rts430x_lc_rd_eabi.lib</file>
         <name>fflush.obj</name>
      </input_file>
      <input_file id="fl-8b">
         <path>C:\ti\ccsv6\tools\compiler\ti-cgt-msp430_4.4.5\lib\</path>
         <kind>archive</kind>
         <file>rts430x_lc_rd_eabi.lib</file>
         <name>fseek.obj</name>
      </input_file>
      <input_file id="fl-8c">
         <path>C:\ti\ccsv6\tools\compiler\ti-cgt-msp430_4.4.5\lib\</path>
         <kind>archive</kind>
         <file>rts430x_lc_rd_eabi.lib</file>
         <name>setvbuf.obj</name>
      </input_file>
      <input_file id="fl-8d">
         <path>C:\ti\ccsv6\tools\compiler\ti-cgt-msp430_4.4.5\lib\</path>
         <kind>archive</kind>
         <file>rts430x_lc_rd_eabi.lib</file>
         <name>strcpy.obj</name>
      </input_file>
      <input_file id="fl-8e">
         <path>C:\ti\ccsv6\tools\compiler\ti-cgt-msp430_4.4.5\lib\</path>
         <kind>archive</kind>
         <file>rts430x_lc_rd_eabi.lib</file>
         <name>fopen.obj</name>
      </input_file>
      <input_file id="fl-8f">
         <path>C:\ti\ccsv6\tools\compiler\ti-cgt-msp430_4.4.5\lib\</path>
         <kind>archive</kind>
         <file>rts430x_lc_rd_eabi.lib</file>
         <name>memory.obj</name>
      </input_file>
      <input_file id="fl-90">
         <path>C:\ti\ccsv6\tools\compiler\ti-cgt-msp430_4.4.5\lib\</path>
         <kind>archive</kind>
         <file>rts430x_lc_rd_eabi.lib</file>
         <name>fclose.obj</name>
      </input_file>
      <input_file id="fl-91">
         <path>C:\ti\ccsv6\tools\compiler\ti-cgt-msp430_4.4.5\lib\</path>
         <kind>archive</kind>
         <file>rts430x_lc_rd_eabi.lib</file>
         <name>remove.obj</name>
      </input_file>
   </input_file_list>
   <object_component_list>
      <object_component id="oc-160">
         <name>.common:saveTA0IV$10</name>
         <uninitialized>true</uninitialized>
         <run_address>0x27e8</run_address>
         <size>0x2</size>
      </object_component>
      <object_component id="oc-164">
         <name>.common:lspeed</name>
         <uninitialized>true</uninitialized>
         <run_address>0x27e2</run_address>
         <size>0x2</size>
      </object_component>
      <object_component id="oc-171">
         <name>.common:rspeed</name>
         <uninitialized>true</uninitialized>
         <run_address>0x27e6</run_address>
         <size>0x2</size>
      </object_component>
      <object_component id="oc-449">
         <name>.common:__TI_tmpnams</name>
         <uninitialized>true</uninitialized>
         <run_address>0x2732</run_address>
         <size>0xa0</size>
      </object_component>
      <object_component id="oc-454">
         <name>.common:parmbuf</name>
         <uninitialized>true</uninitialized>
         <run_address>0x27d2</run_address>
         <size>0x8</size>
      </object_component>
      <object_component id="oc-3f4">
         <name>.common:sys_free</name>
         <uninitialized>true</uninitialized>
         <run_address>0x27de</run_address>
         <size>0x4</size>
      </object_component>
      <object_component id="oc-441">
         <name>.common:sys_base</name>
         <uninitialized>true</uninitialized>
         <run_address>0x27da</run_address>
         <size>0x4</size>
      </object_component>
      <object_component id="oc-440">
         <name>.common:memsize</name>
         <uninitialized>true</uninitialized>
         <run_address>0x27e4</run_address>
         <size>0x2</size>
      </object_component>
      <object_component id="oc-d3">
         <name>.sysmem</name>
         <uninitialized>true</uninitialized>
         <run_address>0x27ec</run_address>
         <size>0x6</size>
         <input_file_ref idref="fl-8f"/>
      </object_component>
      <object_component id="oc-51c">
         <name>.sysmem</name>
         <uninitialized>true</uninitialized>
         <run_address>0x27ec</run_address>
         <size>0x0</size>
      </object_component>
      <object_component id="oc-cf">
         <name>.stack</name>
         <uninitialized>true</uninitialized>
         <run_address>0x4360</run_address>
         <size>0x4</size>
         <input_file_ref idref="fl-3a"/>
      </object_component>
      <object_component id="oc-51b">
         <name>.stack</name>
         <uninitialized>true</uninitialized>
         <run_address>0x4360</run_address>
         <size>0x0</size>
      </object_component>
      <object_component id="oc-227">
         <name>.text:__TI_frcmpyd</name>
         <load_address>0x10000</load_address>
         <run_address>0x10000</run_address>
         <size>0x2e4</size>
         <input_file_ref idref="fl-7a"/>
      </object_component>
      <object_component id="oc-1a5">
         <name>.text:__mspabi_addd</name>
         <load_address>0x102e4</load_address>
         <run_address>0x102e4</run_address>
         <size>0x2d8</size>
         <input_file_ref idref="fl-38"/>
      </object_component>
      <object_component id="oc-19f">
         <name>.text:__mspabi_mpyd</name>
         <load_address>0x105bc</load_address>
         <run_address>0x105bc</run_address>
         <size>0x282</size>
         <input_file_ref idref="fl-66"/>
      </object_component>
      <object_component id="oc-12e">
         <name>.text:main</name>
         <load_address>0x1083e</load_address>
         <run_address>0x1083e</run_address>
         <size>0x26e</size>
         <input_file_ref idref="fl-2"/>
      </object_component>
      <object_component id="oc-234">
         <name>.text:__TI_frcaddd</name>
         <load_address>0x10aac</load_address>
         <run_address>0x10aac</run_address>
         <size>0x252</size>
         <input_file_ref idref="fl-46"/>
      </object_component>
      <object_component id="oc-2fd">
         <name>.text:_setfield</name>
         <load_address>0x10cfe</load_address>
         <run_address>0x10cfe</run_address>
         <size>0x132</size>
         <input_file_ref idref="fl-72"/>
      </object_component>
      <object_component id="oc-16c">
         <name>.text</name>
         <load_address>0x10e30</load_address>
         <run_address>0x10e30</run_address>
         <size>0x130</size>
         <input_file_ref idref="fl-47"/>
      </object_component>
      <object_component id="oc-2e9">
         <name>.text:fputs</name>
         <load_address>0x10f60</load_address>
         <run_address>0x10f60</run_address>
         <size>0xf0</size>
         <input_file_ref idref="fl-79"/>
      </object_component>
      <object_component id="oc-380">
         <name>.text:setvbuf</name>
         <load_address>0x11050</load_address>
         <run_address>0x11050</run_address>
         <size>0xe0</size>
         <input_file_ref idref="fl-8c"/>
      </object_component>
      <object_component id="oc-285">
         <name>.text:__TI_printfi_minimal</name>
         <load_address>0x11130</load_address>
         <run_address>0x11130</run_address>
         <size>0xd2</size>
         <input_file_ref idref="fl-72"/>
      </object_component>
      <object_component id="oc-3bb">
         <name>.text:malloc</name>
         <load_address>0x11202</load_address>
         <run_address>0x11202</run_address>
         <size>0xba</size>
         <input_file_ref idref="fl-8f"/>
      </object_component>
      <object_component id="oc-1b7">
         <name>.text</name>
         <load_address>0x112bc</load_address>
         <run_address>0x112bc</run_address>
         <size>0xb6</size>
         <input_file_ref idref="fl-4b"/>
      </object_component>
      <object_component id="oc-2d2">
         <name>.text:__TI_renormd</name>
         <load_address>0x11372</load_address>
         <run_address>0x11372</run_address>
         <size>0xb2</size>
         <input_file_ref idref="fl-6f"/>
      </object_component>
      <object_component id="oc-424">
         <name>.text:HOSTlseek</name>
         <load_address>0x11424</load_address>
         <run_address>0x11424</run_address>
         <size>0x9e</size>
         <input_file_ref idref="fl-86"/>
      </object_component>
      <object_component id="oc-2f0">
         <name>.text:fputc</name>
         <load_address>0x114c2</load_address>
         <run_address>0x114c2</run_address>
         <size>0x90</size>
         <input_file_ref idref="fl-78"/>
      </object_component>
      <object_component id="oc-3b5">
         <name>.text:free</name>
         <load_address>0x11552</load_address>
         <run_address>0x11552</run_address>
         <size>0x8e</size>
         <input_file_ref idref="fl-8f"/>
      </object_component>
      <object_component id="oc-194">
         <name>.text</name>
         <load_address>0x115e0</load_address>
         <run_address>0x115e0</run_address>
         <size>0x8e</size>
         <input_file_ref idref="fl-49"/>
      </object_component>
      <object_component id="oc-338">
         <name>.text:__TI_wrt_ok</name>
         <load_address>0x1166e</load_address>
         <run_address>0x1166e</run_address>
         <size>0x7e</size>
         <input_file_ref idref="fl-88"/>
      </object_component>
      <object_component id="oc-430">
         <name>.text:HOSTrename</name>
         <load_address>0x116ec</load_address>
         <run_address>0x116ec</run_address>
         <size>0x74</size>
         <input_file_ref idref="fl-86"/>
      </object_component>
      <object_component id="oc-400">
         <name>.text:__TI_closefile</name>
         <load_address>0x11760</load_address>
         <run_address>0x11760</run_address>
         <size>0x70</size>
         <input_file_ref idref="fl-90"/>
      </object_component>
      <object_component id="oc-40c">
         <name>.text:HOSTopen</name>
         <load_address>0x117d0</load_address>
         <run_address>0x117d0</run_address>
         <size>0x6e</size>
         <input_file_ref idref="fl-86"/>
      </object_component>
      <object_component id="oc-114">
         <name>.text:_auto_init_hold_wdt</name>
         <load_address>0x1183e</load_address>
         <run_address>0x1183e</run_address>
         <size>0x6c</size>
         <input_file_ref idref="fl-75"/>
      </object_component>
      <object_component id="oc-41e">
         <name>.text:HOSTwrite</name>
         <load_address>0x118aa</load_address>
         <run_address>0x118aa</run_address>
         <size>0x6a</size>
         <input_file_ref idref="fl-86"/>
      </object_component>
      <object_component id="oc-37a">
         <name>.text:fseek</name>
         <load_address>0x11914</load_address>
         <run_address>0x11914</run_address>
         <size>0x6a</size>
         <input_file_ref idref="fl-8b"/>
      </object_component>
      <object_component id="oc-418">
         <name>.text:HOSTread</name>
         <load_address>0x1197e</load_address>
         <run_address>0x1197e</run_address>
         <size>0x68</size>
         <input_file_ref idref="fl-86"/>
      </object_component>
      <object_component id="oc-e3">
         <name>.text:__TI_decompress_rle_core</name>
         <load_address>0x119e6</load_address>
         <run_address>0x119e6</run_address>
         <size>0x68</size>
         <input_file_ref idref="fl-3d"/>
      </object_component>
      <object_component id="oc-23c">
         <name>.text:__mspabi_fixdli</name>
         <load_address>0x11a4e</load_address>
         <run_address>0x11a4e</run_address>
         <size>0x66</size>
         <input_file_ref idref="fl-44"/>
      </object_component>
      <object_component id="oc-344">
         <name>.text:__TI_doflush</name>
         <load_address>0x11ab4</load_address>
         <run_address>0x11ab4</run_address>
         <size>0x64</size>
         <input_file_ref idref="fl-8a"/>
      </object_component>
      <object_component id="oc-199">
         <name>.text:__mspabi_cvtfd</name>
         <load_address>0x11b18</load_address>
         <run_address>0x11b18</run_address>
         <size>0x64</size>
         <input_file_ref idref="fl-40"/>
      </object_component>
      <object_component id="oc-1fe">
         <name>.text:atoi</name>
         <load_address>0x11b7c</load_address>
         <run_address>0x11b7c</run_address>
         <size>0x62</size>
         <input_file_ref idref="fl-39"/>
      </object_component>
      <object_component id="oc-1bc">
         <name>.text:fminf</name>
         <load_address>0x11bde</load_address>
         <run_address>0x11bde</run_address>
         <size>0x5e</size>
         <input_file_ref idref="fl-45"/>
      </object_component>
      <object_component id="oc-39f">
         <name>.text:_ltostr</name>
         <load_address>0x11c3c</load_address>
         <run_address>0x11c3c</run_address>
         <size>0x5a</size>
         <input_file_ref idref="fl-72"/>
      </object_component>
      <object_component id="oc-443">
         <name>.text:close</name>
         <load_address>0x11c96</load_address>
         <run_address>0x11c96</run_address>
         <size>0x5a</size>
         <input_file_ref idref="fl-7b"/>
      </object_component>
      <object_component id="oc-472">
         <name>.text:getdevice</name>
         <load_address>0x11cf0</load_address>
         <run_address>0x11cf0</run_address>
         <size>0x5a</size>
         <input_file_ref idref="fl-7b"/>
      </object_component>
      <object_component id="oc-1f8">
         <name>.text:strtok</name>
         <load_address>0x11d4a</load_address>
         <run_address>0x11d4a</run_address>
         <size>0x54</size>
         <input_file_ref idref="fl-70"/>
      </object_component>
      <object_component id="oc-412">
         <name>.text:HOSTclose</name>
         <load_address>0x11d9e</load_address>
         <run_address>0x11d9e</run_address>
         <size>0x4c</size>
         <input_file_ref idref="fl-86"/>
      </object_component>
      <object_component id="oc-35d">
         <name>.text:_pproc_diouxp</name>
         <load_address>0x11dea</load_address>
         <run_address>0x11dea</run_address>
         <size>0x4c</size>
         <input_file_ref idref="fl-72"/>
      </object_component>
      <object_component id="oc-1ef">
         <name>.text:printf</name>
         <load_address>0x11e36</load_address>
         <run_address>0x11e36</run_address>
         <size>0x4a</size>
         <input_file_ref idref="fl-6e"/>
      </object_component>
      <object_component id="oc-245">
         <name>.text</name>
         <load_address>0x11e80</load_address>
         <run_address>0x11e80</run_address>
         <size>0x4a</size>
         <input_file_ref idref="fl-48"/>
      </object_component>
      <object_component id="oc-303">
         <name>.text:_pproc_str</name>
         <load_address>0x11eca</load_address>
         <run_address>0x11eca</run_address>
         <size>0x48</size>
         <input_file_ref idref="fl-72"/>
      </object_component>
      <object_component id="oc-42a">
         <name>.text:HOSTunlink</name>
         <load_address>0x11f12</load_address>
         <run_address>0x11f12</run_address>
         <size>0x46</size>
         <input_file_ref idref="fl-86"/>
      </object_component>
      <object_component id="oc-17e">
         <name>.text</name>
         <load_address>0x11f58</load_address>
         <run_address>0x11f58</run_address>
         <size>0x46</size>
         <input_file_ref idref="fl-4c"/>
      </object_component>
      <object_component id="oc-3f9">
         <name>.text:minit</name>
         <load_address>0x11f9e</load_address>
         <run_address>0x11f9e</run_address>
         <size>0x42</size>
         <input_file_ref idref="fl-8f"/>
      </object_component>
      <object_component id="oc-399">
         <name>.text:_getarg_diouxp</name>
         <load_address>0x11fe0</load_address>
         <run_address>0x11fe0</run_address>
         <size>0x3e</size>
         <input_file_ref idref="fl-72"/>
      </object_component>
      <object_component id="oc-21c">
         <name>.text:l_asr_const</name>
         <load_address>0x1201e</load_address>
         <run_address>0x1201e</run_address>
         <size>0x3e</size>
         <input_file_ref idref="fl-74"/>
      </object_component>
      <object_component id="oc-2ba">
         <name>.text:l_lsl_const</name>
         <load_address>0x1205c</load_address>
         <run_address>0x1205c</run_address>
         <size>0x3e</size>
         <input_file_ref idref="fl-62"/>
      </object_component>
      <object_component id="oc-2b0">
         <name>.text:l_lsr_const</name>
         <load_address>0x1209a</load_address>
         <run_address>0x1209a</run_address>
         <size>0x3e</size>
         <input_file_ref idref="fl-63"/>
      </object_component>
      <object_component id="oc-3ad">
         <name>.text:lseek</name>
         <load_address>0x120d8</load_address>
         <run_address>0x120d8</run_address>
         <size>0x3e</size>
         <input_file_ref idref="fl-7b"/>
      </object_component>
      <object_component id="oc-34a">
         <name>.text:write</name>
         <load_address>0x12116</load_address>
         <run_address>0x12116</run_address>
         <size>0x3c</size>
         <input_file_ref idref="fl-7b"/>
      </object_component>
      <object_component id="oc-3c1">
         <name>.text:__TI_cleanup</name>
         <load_address>0x12152</load_address>
         <run_address>0x12152</run_address>
         <size>0x36</size>
         <input_file_ref idref="fl-8e"/>
      </object_component>
      <object_component id="oc-457">
         <name>.text:__TI_writemsg</name>
         <load_address>0x12188</load_address>
         <run_address>0x12188</run_address>
         <size>0x36</size>
         <input_file_ref idref="fl-87"/>
      </object_component>
      <object_component id="oc-167">
         <name>.text</name>
         <load_address>0x121be</load_address>
         <run_address>0x121be</run_address>
         <size>0x36</size>
         <input_file_ref idref="fl-4a"/>
      </object_component>
      <object_component id="oc-45d">
         <name>.text:__TI_readmsg</name>
         <load_address>0x121f4</load_address>
         <run_address>0x121f4</run_address>
         <size>0x32</size>
         <input_file_ref idref="fl-87"/>
      </object_component>
      <object_component id="oc-48b">
         <name>.text:strncpy</name>
         <load_address>0x12226</load_address>
         <run_address>0x12226</run_address>
         <size>0x32</size>
         <input_file_ref idref="fl-84"/>
      </object_component>
      <object_component id="oc-44a">
         <name>.text:unlink</name>
         <load_address>0x12258</load_address>
         <run_address>0x12258</run_address>
         <size>0x30</size>
         <input_file_ref idref="fl-7b"/>
      </object_component>
      <object_component id="oc-120">
         <name>.text:exit</name>
         <load_address>0x12288</load_address>
         <run_address>0x12288</run_address>
         <size>0x2e</size>
         <input_file_ref idref="fl-41"/>
      </object_component>
      <object_component id="oc-491">
         <name>.text:finddevice</name>
         <load_address>0x122b6</load_address>
         <run_address>0x122b6</run_address>
         <size>0x2e</size>
         <input_file_ref idref="fl-7b"/>
      </object_component>
      <object_component id="oc-298">
         <name>.text:strcspn</name>
         <load_address>0x122e4</load_address>
         <run_address>0x122e4</run_address>
         <size>0x2c</size>
         <input_file_ref idref="fl-82"/>
      </object_component>
      <object_component id="oc-292">
         <name>.text:strspn</name>
         <load_address>0x12310</load_address>
         <run_address>0x12310</run_address>
         <size>0x2a</size>
         <input_file_ref idref="fl-85"/>
      </object_component>
      <object_component id="oc-1ab">
         <name>.text:__mspabi_fixdi</name>
         <load_address>0x1233a</load_address>
         <run_address>0x1233a</run_address>
         <size>0x28</size>
         <input_file_ref idref="fl-43"/>
      </object_component>
      <object_component id="oc-8d">
         <name>.text:decompress:ZI:__TI_zero_init</name>
         <load_address>0x12362</load_address>
         <run_address>0x12362</run_address>
         <size>0x24</size>
         <input_file_ref idref="fl-3e"/>
      </object_component>
      <object_component id="oc-18f">
         <name>.text</name>
         <load_address>0x12386</load_address>
         <run_address>0x12386</run_address>
         <size>0x24</size>
         <input_file_ref idref="fl-4d"/>
      </object_component>
      <object_component id="oc-2b5">
         <name>.text</name>
         <load_address>0x123aa</load_address>
         <run_address>0x123aa</run_address>
         <size>0x22</size>
         <input_file_ref idref="fl-6b"/>
      </object_component>
      <object_component id="oc-363">
         <name>.text:memccpy</name>
         <load_address>0x123cc</load_address>
         <run_address>0x123cc</run_address>
         <size>0x1e</size>
         <input_file_ref idref="fl-7c"/>
      </object_component>
      <object_component id="oc-485">
         <name>.text:strchr</name>
         <load_address>0x123ea</load_address>
         <run_address>0x123ea</run_address>
         <size>0x1c</size>
         <input_file_ref idref="fl-80"/>
      </object_component>
      <object_component id="oc-4a2">
         <name>.text:strcmp</name>
         <load_address>0x12406</load_address>
         <run_address>0x12406</run_address>
         <size>0x1c</size>
         <input_file_ref idref="fl-81"/>
      </object_component>
      <object_component id="oc-3e8">
         <name>.text:_div</name>
         <load_address>0x12422</load_address>
         <run_address>0x12422</run_address>
         <size>0x1a</size>
         <input_file_ref idref="fl-72"/>
      </object_component>
      <object_component id="oc-33e">
         <name>.text:memchr</name>
         <load_address>0x1243c</load_address>
         <run_address>0x1243c</run_address>
         <size>0x16</size>
         <input_file_ref idref="fl-7d"/>
      </object_component>
      <object_component id="oc-356">
         <name>.text:memset</name>
         <load_address>0x12452</load_address>
         <run_address>0x12452</run_address>
         <size>0x16</size>
         <input_file_ref idref="fl-7e"/>
      </object_component>
      <object_component id="oc-438">
         <name>.text</name>
         <load_address>0x12468</load_address>
         <run_address>0x12468</run_address>
         <size>0x16</size>
         <input_file_ref idref="fl-77"/>
      </object_component>
      <object_component id="oc-2a0">
         <name>.text</name>
         <load_address>0x1247e</load_address>
         <run_address>0x1247e</run_address>
         <size>0x16</size>
         <input_file_ref idref="fl-69"/>
      </object_component>
      <object_component id="oc-d6">
         <name>.text:memcpy</name>
         <load_address>0x12494</load_address>
         <run_address>0x12494</run_address>
         <size>0x14</size>
         <input_file_ref idref="fl-64"/>
      </object_component>
      <object_component id="oc-6b">
         <name>.text:decompress:none:__TI_decompress_none</name>
         <load_address>0x124a8</load_address>
         <run_address>0x124a8</run_address>
         <size>0x12</size>
         <input_file_ref idref="fl-3c"/>
      </object_component>
      <object_component id="oc-469">
         <name>.text:strcpy</name>
         <load_address>0x124ba</load_address>
         <run_address>0x124ba</run_address>
         <size>0x12</size>
         <input_file_ref idref="fl-8d"/>
      </object_component>
      <object_component id="oc-2cd">
         <name>.text:l_asr</name>
         <load_address>0x124cc</load_address>
         <run_address>0x124cc</run_address>
         <size>0x10</size>
         <input_file_ref idref="fl-74"/>
      </object_component>
      <object_component id="oc-2c3">
         <name>.text:l_lsl</name>
         <load_address>0x124dc</load_address>
         <run_address>0x124dc</run_address>
         <size>0x10</size>
         <input_file_ref idref="fl-62"/>
      </object_component>
      <object_component id="oc-2c8">
         <name>.text:l_lsr</name>
         <load_address>0x124ec</load_address>
         <run_address>0x124ec</run_address>
         <size>0x10</size>
         <input_file_ref idref="fl-63"/>
      </object_component>
      <object_component id="oc-2f7">
         <name>.text:strlen</name>
         <load_address>0x124fc</load_address>
         <run_address>0x124fc</run_address>
         <size>0xe</size>
         <input_file_ref idref="fl-83"/>
      </object_component>
      <object_component id="oc-189">
         <name>.text:rightBackward</name>
         <load_address>0x1250a</load_address>
         <run_address>0x1250a</run_address>
         <size>0xc</size>
         <input_file_ref idref="fl-2"/>
      </object_component>
      <object_component id="oc-183">
         <name>.text:rightForward</name>
         <load_address>0x12516</load_address>
         <run_address>0x12516</run_address>
         <size>0xc</size>
         <input_file_ref idref="fl-2"/>
      </object_component>
      <object_component id="oc-1b1">
         <name>.text:abs</name>
         <load_address>0x12522</load_address>
         <run_address>0x12522</run_address>
         <size>0xa</size>
         <input_file_ref idref="fl-37"/>
      </object_component>
      <object_component id="oc-178">
         <name>.text:leftBackward</name>
         <load_address>0x1252c</load_address>
         <run_address>0x1252c</run_address>
         <size>0xa</size>
         <input_file_ref idref="fl-2"/>
      </object_component>
      <object_component id="oc-172">
         <name>.text:leftForward</name>
         <load_address>0x12536</load_address>
         <run_address>0x12536</run_address>
         <size>0xa</size>
         <input_file_ref idref="fl-2"/>
      </object_component>
      <object_component id="oc-27f">
         <name>.text:_outc</name>
         <load_address>0x12540</load_address>
         <run_address>0x12540</run_address>
         <size>0x6</size>
         <input_file_ref idref="fl-6e"/>
      </object_component>
      <object_component id="oc-71">
         <name>.text:decompress:rle24:__TI_decompress_rle24</name>
         <load_address>0x12546</load_address>
         <run_address>0x12546</run_address>
         <size>0x6</size>
         <input_file_ref idref="fl-3d"/>
      </object_component>
      <object_component id="oc-279">
         <name>.text:_outs</name>
         <load_address>0x1254c</load_address>
         <run_address>0x1254c</run_address>
         <size>0x4</size>
         <input_file_ref idref="fl-6e"/>
      </object_component>
      <object_component id="oc-10e">
         <name>.text:_system_pre_init</name>
         <load_address>0x12550</load_address>
         <run_address>0x12550</run_address>
         <size>0x4</size>
         <input_file_ref idref="fl-6d"/>
      </object_component>
      <object_component id="oc-136">
         <name>.text:abort</name>
         <load_address>0x12554</load_address>
         <run_address>0x12554</run_address>
         <size>0x4</size>
         <input_file_ref idref="fl-41"/>
      </object_component>
      <object_component id="oc-25a">
         <name>.text:_nop</name>
         <load_address>0x12558</load_address>
         <run_address>0x12558</run_address>
         <size>0x2</size>
         <input_file_ref idref="fl-71"/>
      </object_component>
      <object_component id="oc-fb">
         <name>.text:_isr:TIMER0_A1_ISR</name>
         <load_address>0x4400</load_address>
         <run_address>0x4400</run_address>
         <size>0x29e</size>
         <input_file_ref idref="fl-2"/>
      </object_component>
      <object_component id="oc-9f">
         <name>.text:_isr:_c_int00_noargs</name>
         <load_address>0x469e</load_address>
         <run_address>0x469e</run_address>
         <size>0x1c</size>
         <input_file_ref idref="fl-3b"/>
      </object_component>
      <object_component id="oc-f0">
         <name>.text:_isr:__TI_ISR_TRAP</name>
         <load_address>0x46ba</load_address>
         <run_address>0x46ba</run_address>
         <size>0x6</size>
         <input_file_ref idref="fl-61"/>
      </object_component>
      <object_component id="oc-f5">
         <name>.text:_isr:TIMER1_A1_ISR</name>
         <load_address>0x46c0</load_address>
         <run_address>0x46c0</run_address>
         <size>0x2</size>
         <input_file_ref idref="fl-2"/>
      </object_component>
      <object_component id="oc-101">
         <name>.text:_isr:USCI_A0_ISR</name>
         <load_address>0x46c2</load_address>
         <run_address>0x46c2</run_address>
         <size>0x2</size>
         <input_file_ref idref="fl-2"/>
      </object_component>
      <object_component id="oc-519">
         <name>.cinit..data.load</name>
         <load_address>0x4970</load_address>
         <run_address>0x4970</run_address>
         <size>0x64</size>
      </object_component>
      <object_component id="oc-516">
         <name>__TI_handler_table</name>
         <load_address>0x49d4</load_address>
         <run_address>0x49d4</run_address>
         <size>0xc</size>
      </object_component>
      <object_component id="oc-518">
         <name>.cinit..bss.load</name>
         <load_address>0x49e0</load_address>
         <run_address>0x49e0</run_address>
         <size>0x6</size>
      </object_component>
      <object_component id="oc-51a">
         <name>.cinit..cio.load</name>
         <load_address>0x49e6</load_address>
         <run_address>0x49e6</run_address>
         <size>0x6</size>
      </object_component>
      <object_component id="oc-517">
         <name>__TI_cinit_table</name>
         <load_address>0x49ec</load_address>
         <run_address>0x49ec</run_address>
         <size>0x18</size>
      </object_component>
      <object_component id="oc-2a5">
         <name>.const:.string:_ctypes_</name>
         <load_address>0x46c4</load_address>
         <run_address>0x46c4</run_address>
         <size>0x101</size>
         <input_file_ref idref="fl-3f"/>
      </object_component>
      <object_component id="oc-1e5">
         <name>.const:.string:$P$T2$3</name>
         <load_address>0x47c6</load_address>
         <run_address>0x47c6</run_address>
         <size>0x64</size>
         <input_file_ref idref="fl-2"/>
      </object_component>
      <object_component id="oc-1e8">
         <name>.const:.string:$P$T3$4</name>
         <load_address>0x482a</load_address>
         <run_address>0x482a</run_address>
         <size>0x64</size>
         <input_file_ref idref="fl-2"/>
      </object_component>
      <object_component id="oc-1eb">
         <name>.const:.string:$P$T4$5</name>
         <load_address>0x488e</load_address>
         <run_address>0x488e</run_address>
         <size>0x64</size>
         <input_file_ref idref="fl-2"/>
      </object_component>
      <object_component id="oc-1ee">
         <name>.const:.string</name>
         <load_address>0x48f2</load_address>
         <run_address>0x48f2</run_address>
         <size>0x64</size>
         <input_file_ref idref="fl-2"/>
      </object_component>
      <object_component id="oc-35c">
         <name>.const:.string</name>
         <load_address>0x4956</load_address>
         <run_address>0x4956</run_address>
         <size>0x14</size>
         <input_file_ref idref="fl-72"/>
      </object_component>
      <object_component id="oc-1e2">
         <name>.const:.string:$P$T1$2</name>
         <load_address>0x496a</load_address>
         <run_address>0x496a</run_address>
         <size>0x3</size>
         <input_file_ref idref="fl-2"/>
      </object_component>
      <object_component id="oc-1df">
         <name>.const:.string:$P$T0$1</name>
         <load_address>0x496e</load_address>
         <run_address>0x496e</run_address>
         <size>0x2</size>
         <input_file_ref idref="fl-2"/>
      </object_component>
      <object_component id="oc-47d">
         <name>.cio</name>
         <uninitialized>true</uninitialized>
         <run_address>0x2612</run_address>
         <size>0x120</size>
         <input_file_ref idref="fl-87"/>
      </object_component>
      <object_component id="oc-77">
         <name>.int41</name>
         <load_address>0xffd2</load_address>
         <run_address>0xffd2</run_address>
         <size>0x2</size>
         <input_file_ref idref="fl-4e"/>
      </object_component>
      <object_component id="oc-78">
         <name>.int42</name>
         <load_address>0xffd4</load_address>
         <run_address>0xffd4</run_address>
         <size>0x2</size>
         <input_file_ref idref="fl-4f"/>
      </object_component>
      <object_component id="oc-79">
         <name>.int43</name>
         <load_address>0xffd6</load_address>
         <run_address>0xffd6</run_address>
         <size>0x2</size>
         <input_file_ref idref="fl-50"/>
      </object_component>
      <object_component id="oc-7a">
         <name>.int44</name>
         <load_address>0xffd8</load_address>
         <run_address>0xffd8</run_address>
         <size>0x2</size>
         <input_file_ref idref="fl-51"/>
      </object_component>
      <object_component id="oc-7b">
         <name>.int45</name>
         <load_address>0xffda</load_address>
         <run_address>0xffda</run_address>
         <size>0x2</size>
         <input_file_ref idref="fl-52"/>
      </object_component>
      <object_component id="oc-7c">
         <name>.int46</name>
         <load_address>0xffdc</load_address>
         <run_address>0xffdc</run_address>
         <size>0x2</size>
         <input_file_ref idref="fl-53"/>
      </object_component>
      <object_component id="oc-7d">
         <name>.int47</name>
         <load_address>0xffde</load_address>
         <run_address>0xffde</run_address>
         <size>0x2</size>
         <input_file_ref idref="fl-54"/>
      </object_component>
      <object_component id="oc-7e">
         <name>.int48</name>
         <load_address>0xffe0</load_address>
         <run_address>0xffe0</run_address>
         <size>0x2</size>
         <input_file_ref idref="fl-2"/>
      </object_component>
      <object_component id="oc-7f">
         <name>.int49</name>
         <load_address>0xffe2</load_address>
         <run_address>0xffe2</run_address>
         <size>0x2</size>
         <input_file_ref idref="fl-55"/>
      </object_component>
      <object_component id="oc-80">
         <name>.int50</name>
         <load_address>0xffe4</load_address>
         <run_address>0xffe4</run_address>
         <size>0x2</size>
         <input_file_ref idref="fl-56"/>
      </object_component>
      <object_component id="oc-81">
         <name>.int51</name>
         <load_address>0xffe6</load_address>
         <run_address>0xffe6</run_address>
         <size>0x2</size>
         <input_file_ref idref="fl-57"/>
      </object_component>
      <object_component id="oc-82">
         <name>.int52</name>
         <load_address>0xffe8</load_address>
         <run_address>0xffe8</run_address>
         <size>0x2</size>
         <input_file_ref idref="fl-2"/>
      </object_component>
      <object_component id="oc-83">
         <name>.int53</name>
         <load_address>0xffea</load_address>
         <run_address>0xffea</run_address>
         <size>0x2</size>
         <input_file_ref idref="fl-58"/>
      </object_component>
      <object_component id="oc-84">
         <name>.int54</name>
         <load_address>0xffec</load_address>
         <run_address>0xffec</run_address>
         <size>0x2</size>
         <input_file_ref idref="fl-59"/>
      </object_component>
      <object_component id="oc-85">
         <name>.int55</name>
         <load_address>0xffee</load_address>
         <run_address>0xffee</run_address>
         <size>0x2</size>
         <input_file_ref idref="fl-5a"/>
      </object_component>
      <object_component id="oc-86">
         <name>.int56</name>
         <load_address>0xfff0</load_address>
         <run_address>0xfff0</run_address>
         <size>0x2</size>
         <input_file_ref idref="fl-2"/>
      </object_component>
      <object_component id="oc-87">
         <name>.int57</name>
         <load_address>0xfff2</load_address>
         <run_address>0xfff2</run_address>
         <size>0x2</size>
         <input_file_ref idref="fl-5b"/>
      </object_component>
      <object_component id="oc-88">
         <name>.int58</name>
         <load_address>0xfff4</load_address>
         <run_address>0xfff4</run_address>
         <size>0x2</size>
         <input_file_ref idref="fl-5c"/>
      </object_component>
      <object_component id="oc-89">
         <name>.int59</name>
         <load_address>0xfff6</load_address>
         <run_address>0xfff6</run_address>
         <size>0x2</size>
         <input_file_ref idref="fl-5d"/>
      </object_component>
      <object_component id="oc-8a">
         <name>.int60</name>
         <load_address>0xfff8</load_address>
         <run_address>0xfff8</run_address>
         <size>0x2</size>
         <input_file_ref idref="fl-5e"/>
      </object_component>
      <object_component id="oc-8b">
         <name>.int61</name>
         <load_address>0xfffa</load_address>
         <run_address>0xfffa</run_address>
         <size>0x2</size>
         <input_file_ref idref="fl-5f"/>
      </object_component>
      <object_component id="oc-8c">
         <name>.int62</name>
         <load_address>0xfffc</load_address>
         <run_address>0xfffc</run_address>
         <size>0x2</size>
         <input_file_ref idref="fl-60"/>
      </object_component>
      <object_component id="oc-d2">
         <name>.reset</name>
         <load_address>0xfffe</load_address>
         <run_address>0xfffe</run_address>
         <size>0x2</size>
         <input_file_ref idref="fl-3a"/>
      </object_component>
      <object_component id="oc-161">
         <name>.data</name>
         <load_address>0x25e0</load_address>
         <run_address>0x25e0</run_address>
         <size>0x1a</size>
         <input_file_ref idref="fl-2"/>
      </object_component>
      <object_component id="oc-1f5">
         <name>.data:input</name>
         <load_address>0x2540</load_address>
         <run_address>0x2540</run_address>
         <size>0x64</size>
         <input_file_ref idref="fl-2"/>
      </object_component>
      <object_component id="oc-1d6">
         <name>.data:__TI_cleanup_ptr</name>
         <load_address>0x25fa</load_address>
         <run_address>0x25fa</run_address>
         <size>0x4</size>
         <input_file_ref idref="fl-42"/>
      </object_component>
      <object_component id="oc-1d3">
         <name>.data:__TI_dtors_ptr</name>
         <load_address>0x25fe</load_address>
         <run_address>0x25fe</run_address>
         <size>0x4</size>
         <input_file_ref idref="fl-42"/>
      </object_component>
      <object_component id="oc-28f">
         <name>.data</name>
         <load_address>0x260a</load_address>
         <run_address>0x260a</run_address>
         <size>0x4</size>
         <input_file_ref idref="fl-70"/>
      </object_component>
      <object_component id="oc-1d0">
         <name>.data:_lock</name>
         <load_address>0x2602</load_address>
         <run_address>0x2602</run_address>
         <size>0x4</size>
         <input_file_ref idref="fl-71"/>
      </object_component>
      <object_component id="oc-1d9">
         <name>.data:_unlock</name>
         <load_address>0x2606</load_address>
         <run_address>0x2606</run_address>
         <size>0x4</size>
         <input_file_ref idref="fl-71"/>
      </object_component>
      <object_component id="oc-276">
         <name>.data:_ftable</name>
         <load_address>0x2400</load_address>
         <run_address>0x2400</run_address>
         <size>0xc8</size>
         <input_file_ref idref="fl-76"/>
      </object_component>
      <object_component id="oc-406">
         <name>.data</name>
         <load_address>0x260e</load_address>
         <run_address>0x260e</run_address>
         <size>0x2</size>
         <input_file_ref idref="fl-76"/>
      </object_component>
      <object_component id="oc-3d4">
         <name>.data:_device</name>
         <load_address>0x24c8</load_address>
         <run_address>0x24c8</run_address>
         <size>0x78</size>
         <input_file_ref idref="fl-7b"/>
      </object_component>
      <object_component id="oc-38c">
         <name>.data:_stream</name>
         <load_address>0x25a4</load_address>
         <run_address>0x25a4</run_address>
         <size>0x3c</size>
         <input_file_ref idref="fl-7b"/>
      </object_component>
      <object_component id="oc-3f6">
         <name>.data</name>
         <load_address>0x2610</load_address>
         <run_address>0x2610</run_address>
         <size>0x2</size>
         <input_file_ref idref="fl-8f"/>
      </object_component>
      <object_component id="oc-165">
         <name>.debug_info</name>
         <load_address>0x0</load_address>
         <run_address>0x0</run_address>
         <size>0x8b9</size>
         <input_file_ref idref="fl-2"/>
      </object_component>
      <object_component id="oc-162">
         <name>.debug_info</name>
         <load_address>0x8b9</load_address>
         <run_address>0x8b9</run_address>
         <size>0x145</size>
         <input_file_ref idref="fl-2"/>
      </object_component>
      <object_component id="oc-1f6">
         <name>.debug_info</name>
         <load_address>0x9fe</load_address>
         <run_address>0x9fe</run_address>
         <size>0xe3</size>
         <input_file_ref idref="fl-2"/>
      </object_component>
      <object_component id="oc-1e0">
         <name>.debug_info</name>
         <load_address>0xae1</load_address>
         <run_address>0xae1</run_address>
         <size>0xe6</size>
         <input_file_ref idref="fl-2"/>
      </object_component>
      <object_component id="oc-1e3">
         <name>.debug_info</name>
         <load_address>0xbc7</load_address>
         <run_address>0xbc7</run_address>
         <size>0xe6</size>
         <input_file_ref idref="fl-2"/>
      </object_component>
      <object_component id="oc-1e6">
         <name>.debug_info</name>
         <load_address>0xcad</load_address>
         <run_address>0xcad</run_address>
         <size>0xe6</size>
         <input_file_ref idref="fl-2"/>
      </object_component>
      <object_component id="oc-1e9">
         <name>.debug_info</name>
         <load_address>0xd93</load_address>
         <run_address>0xd93</run_address>
         <size>0xe6</size>
         <input_file_ref idref="fl-2"/>
      </object_component>
      <object_component id="oc-1ec">
         <name>.debug_info</name>
         <load_address>0xe79</load_address>
         <run_address>0xe79</run_address>
         <size>0xe6</size>
         <input_file_ref idref="fl-2"/>
      </object_component>
      <object_component id="oc-185">
         <name>.debug_info</name>
         <load_address>0xf5f</load_address>
         <run_address>0xf5f</run_address>
         <size>0x11b</size>
         <input_file_ref idref="fl-2"/>
      </object_component>
      <object_component id="oc-18b">
         <name>.debug_info</name>
         <load_address>0x107a</load_address>
         <run_address>0x107a</run_address>
         <size>0x11d</size>
         <input_file_ref idref="fl-2"/>
      </object_component>
      <object_component id="oc-174">
         <name>.debug_info</name>
         <load_address>0x1197</load_address>
         <run_address>0x1197</run_address>
         <size>0x119</size>
         <input_file_ref idref="fl-2"/>
      </object_component>
      <object_component id="oc-130">
         <name>.debug_info</name>
         <load_address>0x12b0</load_address>
         <run_address>0x12b0</run_address>
         <size>0x284</size>
         <input_file_ref idref="fl-2"/>
      </object_component>
      <object_component id="oc-17a">
         <name>.debug_info</name>
         <load_address>0x1534</load_address>
         <run_address>0x1534</run_address>
         <size>0x11b</size>
         <input_file_ref idref="fl-2"/>
      </object_component>
      <object_component id="oc-103">
         <name>.debug_info</name>
         <load_address>0x164f</load_address>
         <run_address>0x164f</run_address>
         <size>0x11d</size>
         <input_file_ref idref="fl-2"/>
      </object_component>
      <object_component id="oc-f7">
         <name>.debug_info</name>
         <load_address>0x176c</load_address>
         <run_address>0x176c</run_address>
         <size>0x121</size>
         <input_file_ref idref="fl-2"/>
      </object_component>
      <object_component id="oc-fd">
         <name>.debug_info</name>
         <load_address>0x188d</load_address>
         <run_address>0x188d</run_address>
         <size>0x57e</size>
         <input_file_ref idref="fl-2"/>
      </object_component>
      <object_component id="oc-144">
         <name>.debug_info</name>
         <load_address>0x1e0b</load_address>
         <run_address>0x1e0b</run_address>
         <size>0x84</size>
         <input_file_ref idref="fl-2"/>
      </object_component>
      <object_component id="oc-2aa">
         <name>.debug_info</name>
         <load_address>0x1e8f</load_address>
         <run_address>0x1e8f</run_address>
         <size>0x2c</size>
         <input_file_ref idref="fl-2"/>
      </object_component>
      <object_component id="oc-30b">
         <name>.debug_info</name>
         <load_address>0x1ebb</load_address>
         <run_address>0x1ebb</run_address>
         <size>0x2c</size>
         <input_file_ref idref="fl-2"/>
      </object_component>
      <object_component id="oc-1b2">
         <name>.debug_info</name>
         <load_address>0x1ee7</load_address>
         <run_address>0x1ee7</run_address>
         <size>0x10b</size>
         <input_file_ref idref="fl-37"/>
      </object_component>
      <object_component id="oc-23b">
         <name>.debug_info</name>
         <load_address>0x1ff2</load_address>
         <run_address>0x1ff2</run_address>
         <size>0x178</size>
         <input_file_ref idref="fl-38"/>
      </object_component>
      <object_component id="oc-1a6">
         <name>.debug_info</name>
         <load_address>0x216a</load_address>
         <run_address>0x216a</run_address>
         <size>0x208</size>
         <input_file_ref idref="fl-38"/>
      </object_component>
      <object_component id="oc-22f">
         <name>.debug_info</name>
         <load_address>0x2372</load_address>
         <run_address>0x2372</run_address>
         <size>0x94</size>
         <input_file_ref idref="fl-38"/>
      </object_component>
      <object_component id="oc-2a9">
         <name>.debug_info</name>
         <load_address>0x2406</load_address>
         <run_address>0x2406</run_address>
         <size>0x171</size>
         <input_file_ref idref="fl-39"/>
      </object_component>
      <object_component id="oc-200">
         <name>.debug_info</name>
         <load_address>0x2577</load_address>
         <run_address>0x2577</run_address>
         <size>0x166</size>
         <input_file_ref idref="fl-39"/>
      </object_component>
      <object_component id="oc-d0">
         <name>.debug_info</name>
         <load_address>0x26dd</load_address>
         <run_address>0x26dd</run_address>
         <size>0xd6</size>
         <input_file_ref idref="fl-3a"/>
      </object_component>
      <object_component id="oc-a1">
         <name>.debug_info</name>
         <load_address>0x27b3</load_address>
         <run_address>0x27b3</run_address>
         <size>0x168</size>
         <input_file_ref idref="fl-3b"/>
      </object_component>
      <object_component id="oc-e2">
         <name>.debug_info</name>
         <load_address>0x291b</load_address>
         <run_address>0x291b</run_address>
         <size>0x1a7</size>
         <input_file_ref idref="fl-3c"/>
      </object_component>
      <object_component id="oc-6c">
         <name>.debug_info</name>
         <load_address>0x2ac2</load_address>
         <run_address>0x2ac2</run_address>
         <size>0x1a9</size>
         <input_file_ref idref="fl-3c"/>
      </object_component>
      <object_component id="oc-dd">
         <name>.debug_info</name>
         <load_address>0x2c6b</load_address>
         <run_address>0x2c6b</run_address>
         <size>0x46</size>
         <input_file_ref idref="fl-3c"/>
      </object_component>
      <object_component id="oc-156">
         <name>.debug_info</name>
         <load_address>0x2cb1</load_address>
         <run_address>0x2cb1</run_address>
         <size>0x2c</size>
         <input_file_ref idref="fl-3c"/>
      </object_component>
      <object_component id="oc-ea">
         <name>.debug_info</name>
         <load_address>0x2cdd</load_address>
         <run_address>0x2cdd</run_address>
         <size>0x164</size>
         <input_file_ref idref="fl-3d"/>
      </object_component>
      <object_component id="oc-e4">
         <name>.debug_info</name>
         <load_address>0x2e41</load_address>
         <run_address>0x2e41</run_address>
         <size>0x21b</size>
         <input_file_ref idref="fl-3d"/>
      </object_component>
      <object_component id="oc-72">
         <name>.debug_info</name>
         <load_address>0x305c</load_address>
         <run_address>0x305c</run_address>
         <size>0x192</size>
         <input_file_ref idref="fl-3d"/>
      </object_component>
      <object_component id="oc-eb">
         <name>.debug_info</name>
         <load_address>0x31ee</load_address>
         <run_address>0x31ee</run_address>
         <size>0x39</size>
         <input_file_ref idref="fl-3d"/>
      </object_component>
      <object_component id="oc-10d">
         <name>.debug_info</name>
         <load_address>0x3227</load_address>
         <run_address>0x3227</run_address>
         <size>0x155</size>
         <input_file_ref idref="fl-3e"/>
      </object_component>
      <object_component id="oc-8e">
         <name>.debug_info</name>
         <load_address>0x337c</load_address>
         <run_address>0x337c</run_address>
         <size>0x19b</size>
         <input_file_ref idref="fl-3e"/>
      </object_component>
      <object_component id="oc-108">
         <name>.debug_info</name>
         <load_address>0x3517</load_address>
         <run_address>0x3517</run_address>
         <size>0x46</size>
         <input_file_ref idref="fl-3e"/>
      </object_component>
      <object_component id="oc-327">
         <name>.debug_info</name>
         <load_address>0x355d</load_address>
         <run_address>0x355d</run_address>
         <size>0xd4</size>
         <input_file_ref idref="fl-3f"/>
      </object_component>
      <object_component id="oc-2a6">
         <name>.debug_info</name>
         <load_address>0x3631</load_address>
         <run_address>0x3631</run_address>
         <size>0xdb</size>
         <input_file_ref idref="fl-3f"/>
      </object_component>
      <object_component id="oc-19a">
         <name>.debug_info</name>
         <load_address>0x370c</load_address>
         <run_address>0x370c</run_address>
         <size>0x15e</size>
         <input_file_ref idref="fl-40"/>
      </object_component>
      <object_component id="oc-222">
         <name>.debug_info</name>
         <load_address>0x386a</load_address>
         <run_address>0x386a</run_address>
         <size>0xdb</size>
         <input_file_ref idref="fl-40"/>
      </object_component>
      <object_component id="oc-1dd">
         <name>.debug_info</name>
         <load_address>0x3945</load_address>
         <run_address>0x3945</run_address>
         <size>0x1db</size>
         <input_file_ref idref="fl-41"/>
      </object_component>
      <object_component id="oc-138">
         <name>.debug_info</name>
         <load_address>0x3b20</load_address>
         <run_address>0x3b20</run_address>
         <size>0xf8</size>
         <input_file_ref idref="fl-41"/>
      </object_component>
      <object_component id="oc-121">
         <name>.debug_info</name>
         <load_address>0x3c18</load_address>
         <run_address>0x3c18</run_address>
         <size>0x153</size>
         <input_file_ref idref="fl-41"/>
      </object_component>
      <object_component id="oc-265">
         <name>.debug_info</name>
         <load_address>0x3d6b</load_address>
         <run_address>0x3d6b</run_address>
         <size>0xd9</size>
         <input_file_ref idref="fl-42"/>
      </object_component>
      <object_component id="oc-1d7">
         <name>.debug_info</name>
         <load_address>0x3e44</load_address>
         <run_address>0x3e44</run_address>
         <size>0xf0</size>
         <input_file_ref idref="fl-42"/>
      </object_component>
      <object_component id="oc-1d4">
         <name>.debug_info</name>
         <load_address>0x3f34</load_address>
         <run_address>0x3f34</run_address>
         <size>0xec</size>
         <input_file_ref idref="fl-42"/>
      </object_component>
      <object_component id="oc-1af">
         <name>.debug_info</name>
         <load_address>0x4020</load_address>
         <run_address>0x4020</run_address>
         <size>0x152</size>
         <input_file_ref idref="fl-43"/>
      </object_component>
      <object_component id="oc-23f">
         <name>.debug_info</name>
         <load_address>0x4172</load_address>
         <run_address>0x4172</run_address>
         <size>0x186</size>
         <input_file_ref idref="fl-44"/>
      </object_component>
      <object_component id="oc-24b">
         <name>.debug_info</name>
         <load_address>0x42f8</load_address>
         <run_address>0x42f8</run_address>
         <size>0x16b</size>
         <input_file_ref idref="fl-45"/>
      </object_component>
      <object_component id="oc-1bd">
         <name>.debug_info</name>
         <load_address>0x4463</load_address>
         <run_address>0x4463</run_address>
         <size>0x160</size>
         <input_file_ref idref="fl-45"/>
      </object_component>
      <object_component id="oc-2d9">
         <name>.debug_info</name>
         <load_address>0x45c3</load_address>
         <run_address>0x45c3</run_address>
         <size>0x16c</size>
         <input_file_ref idref="fl-46"/>
      </object_component>
      <object_component id="oc-236">
         <name>.debug_info</name>
         <load_address>0x472f</load_address>
         <run_address>0x472f</run_address>
         <size>0x292</size>
         <input_file_ref idref="fl-46"/>
      </object_component>
      <object_component id="oc-16d">
         <name>.debug_info</name>
         <load_address>0x49c1</load_address>
         <run_address>0x49c1</run_address>
         <size>0xfe</size>
         <input_file_ref idref="fl-47"/>
      </object_component>
      <object_component id="oc-246">
         <name>.debug_info</name>
         <load_address>0x4abf</load_address>
         <run_address>0x4abf</run_address>
         <size>0x10a</size>
         <input_file_ref idref="fl-48"/>
      </object_component>
      <object_component id="oc-195">
         <name>.debug_info</name>
         <load_address>0x4bc9</load_address>
         <run_address>0x4bc9</run_address>
         <size>0xfe</size>
         <input_file_ref idref="fl-49"/>
      </object_component>
      <object_component id="oc-169">
         <name>.debug_info</name>
         <load_address>0x4cc7</load_address>
         <run_address>0x4cc7</run_address>
         <size>0x107</size>
         <input_file_ref idref="fl-4a"/>
      </object_component>
      <object_component id="oc-1b8">
         <name>.debug_info</name>
         <load_address>0x4dce</load_address>
         <run_address>0x4dce</run_address>
         <size>0xfe</size>
         <input_file_ref idref="fl-4b"/>
      </object_component>
      <object_component id="oc-181">
         <name>.debug_info</name>
         <load_address>0x4ecc</load_address>
         <run_address>0x4ecc</run_address>
         <size>0x10c</size>
         <input_file_ref idref="fl-4c"/>
      </object_component>
      <object_component id="oc-192">
         <name>.debug_info</name>
         <load_address>0x4fd8</load_address>
         <run_address>0x4fd8</run_address>
         <size>0x101</size>
         <input_file_ref idref="fl-4d"/>
      </object_component>
      <object_component id="oc-f3">
         <name>.debug_info</name>
         <load_address>0x50d9</load_address>
         <run_address>0x50d9</run_address>
         <size>0xec</size>
         <input_file_ref idref="fl-61"/>
      </object_component>
      <object_component id="oc-2c4">
         <name>.debug_info</name>
         <load_address>0x51c5</load_address>
         <run_address>0x51c5</run_address>
         <size>0xfd</size>
         <input_file_ref idref="fl-62"/>
      </object_component>
      <object_component id="oc-2bd">
         <name>.debug_info</name>
         <load_address>0x52c2</load_address>
         <run_address>0x52c2</run_address>
         <size>0x103</size>
         <input_file_ref idref="fl-62"/>
      </object_component>
      <object_component id="oc-2c9">
         <name>.debug_info</name>
         <load_address>0x53c5</load_address>
         <run_address>0x53c5</run_address>
         <size>0xfd</size>
         <input_file_ref idref="fl-63"/>
      </object_component>
      <object_component id="oc-2b2">
         <name>.debug_info</name>
         <load_address>0x54c2</load_address>
         <run_address>0x54c2</run_address>
         <size>0x103</size>
         <input_file_ref idref="fl-63"/>
      </object_component>
      <object_component id="oc-14e">
         <name>.debug_info</name>
         <load_address>0x55c5</load_address>
         <run_address>0x55c5</run_address>
         <size>0x15d</size>
         <input_file_ref idref="fl-64"/>
      </object_component>
      <object_component id="oc-d9">
         <name>.debug_info</name>
         <load_address>0x5722</load_address>
         <run_address>0x5722</run_address>
         <size>0x172</size>
         <input_file_ref idref="fl-64"/>
      </object_component>
      <object_component id="oc-14f">
         <name>.debug_info</name>
         <load_address>0x5894</load_address>
         <run_address>0x5894</run_address>
         <size>0x2c</size>
         <input_file_ref idref="fl-64"/>
      </object_component>
      <object_component id="oc-22e">
         <name>.debug_info</name>
         <load_address>0x58c0</load_address>
         <run_address>0x58c0</run_address>
         <size>0x173</size>
         <input_file_ref idref="fl-66"/>
      </object_component>
      <object_component id="oc-1a0">
         <name>.debug_info</name>
         <load_address>0x5a33</load_address>
         <run_address>0x5a33</run_address>
         <size>0x239</size>
         <input_file_ref idref="fl-66"/>
      </object_component>
      <object_component id="oc-2a1">
         <name>.debug_info</name>
         <load_address>0x5c6c</load_address>
         <run_address>0x5c6c</run_address>
         <size>0x10d</size>
         <input_file_ref idref="fl-69"/>
      </object_component>
      <object_component id="oc-2b6">
         <name>.debug_info</name>
         <load_address>0x5d79</load_address>
         <run_address>0x5d79</run_address>
         <size>0x10d</size>
         <input_file_ref idref="fl-6b"/>
      </object_component>
      <object_component id="oc-112">
         <name>.debug_info</name>
         <load_address>0x5e86</load_address>
         <run_address>0x5e86</run_address>
         <size>0x129</size>
         <input_file_ref idref="fl-6d"/>
      </object_component>
      <object_component id="oc-28c">
         <name>.debug_info</name>
         <load_address>0x5faf</load_address>
         <run_address>0x5faf</run_address>
         <size>0x282</size>
         <input_file_ref idref="fl-6e"/>
      </object_component>
      <object_component id="oc-282">
         <name>.debug_info</name>
         <load_address>0x6231</load_address>
         <run_address>0x6231</run_address>
[...]
      <symbol id="sm-5f8">
         <name>__TI_int41</name>
         <value>0xffd2</value>
         <object_component_ref idref="oc-77"/>
      </symbol>
      <symbol id="sm-5fb">
         <name>__TI_int42</name>
         <value>0xffd4</value>
         <object_component_ref idref="oc-78"/>
      </symbol>
      <symbol id="sm-5fe">
         <name>__TI_int43</name>
         <value>0xffd6</value>
         <object_component_ref idref="oc-79"/>
      </symbol>
      <symbol id="sm-601">
         <name>__TI_int44</name>
         <value>0xffd8</value>
         <object_component_ref idref="oc-7a"/>
      </symbol>
      <symbol id="sm-604">
         <name>__TI_int45</name>
         <value>0xffda</value>
         <object_component_ref idref="oc-7b"/>
      </symbol>
      <symbol id="sm-607">
         <name>__TI_int46</name>
         <value>0xffdc</value>
         <object_component_ref idref="oc-7c"/>
      </symbol>
      <symbol id="sm-60a">
         <name>__TI_int47</name>
         <value>0xffde</value>
         <object_component_ref idref="oc-7d"/>
      </symbol>
      <symbol id="sm-60d">
         <name>__TI_int49</name>
         <value>0xffe2</value>
         <object_component_ref idref="oc-7f"/>
      </symbol>
      <symbol id="sm-610">
         <name>__TI_int50</name>
         <value>0xffe4</value>
         <object_component_ref idref="oc-80"/>
      </symbol>
      <symbol id="sm-613">
         <name>__TI_int51</name>
         <value>0xffe6</value>
         <object_component_ref idref="oc-81"/>
      </symbol>
      <symbol id="sm-616">
         <name>__TI_int53</name>
         <value>0xffea</value>
         <object_component_ref idref="oc-83"/>
      </symbol>
      <symbol id="sm-619">
         <name>__TI_int54</name>
         <value>0xffec</value>
         <object_component_ref idref="oc-84"/>
      </symbol>
      <symbol id="sm-61c">
         <name>__TI_int55</name>
         <value>0xffee</value>
         <object_component_ref idref="oc-85"/>
      </symbol>
      <symbol id="sm-61f">
         <name>__TI_int57</name>
         <value>0xfff2</value>
         <object_component_ref idref="oc-87"/>
      </symbol>
      <symbol id="sm-622">
         <name>__TI_int58</name>
         <value>0xfff4</value>
         <object_component_ref idref="oc-88"/>
      </symbol>
      <symbol id="sm-625">
         <name>__TI_int59</name>
         <value>0xfff6</value>
         <object_component_ref idref="oc-89"/>
      </symbol>
      <symbol id="sm-628">
         <name>__TI_int60</name>
         <value>0xfff8</value>
         <object_component_ref idref="oc-8a"/>
      </symbol>
      <symbol id="sm-62b">
         <name>__TI_int61</name>
         <value>0xfffa</value>
         <object_component_ref idref="oc-8b"/>
      </symbol>
      <symbol id="sm-62e">
         <name>__TI_int62</name>
         <value>0xfffc</value>
         <object_component_ref idref="oc-8c"/>
      </symbol>
      <symbol id="sm-636">
         <name>__TI_ISR_TRAP</name>
         <value>0x46ba</value>
         <object_component_ref idref="oc-f0"/>
      </symbol>
      <symbol id="sm-646">
         <name>__mspabi_slll_9</name>
         <value>0x12074</value>
         <object_component_ref idref="oc-2ba"/>
      </symbol>
      <symbol id="sm-647">
         <name>__mspabi_slll_8</name>
         <value>0x12078</value>
         <object_component_ref idref="oc-2ba"/>
      </symbol>
      <symbol id="sm-648">
         <name>__mspabi_slll_7</name>
         <value>0x1207c</value>
         <object_component_ref idref="oc-2ba"/>
      </symbol>
      <symbol id="sm-649">
         <name>__mspabi_slll_6</name>
         <value>0x12080</value>
         <object_component_ref idref="oc-2ba"/>
      </symbol>
      <symbol id="sm-64a">
         <name>__mspabi_slll_5</name>
         <value>0x12084</value>
         <object_component_ref idref="oc-2ba"/>
      </symbol>
      <symbol id="sm-64b">
         <name>__mspabi_slll_4</name>
         <value>0x12088</value>
         <object_component_ref idref="oc-2ba"/>
      </symbol>
      <symbol id="sm-64c">
         <name>__mspabi_slll_3</name>
         <value>0x1208c</value>
         <object_component_ref idref="oc-2ba"/>
      </symbol>
      <symbol id="sm-64d">
         <name>__mspabi_slll_2</name>
         <value>0x12090</value>
         <object_component_ref idref="oc-2ba"/>
      </symbol>
      <symbol id="sm-64e">
         <name>__mspabi_slll_1</name>
         <value>0x12094</value>
         <object_component_ref idref="oc-2ba"/>
      </symbol>
      <symbol id="sm-64f">
         <name>__mspabi_slll</name>
         <value>0x124dc</value>
         <object_component_ref idref="oc-2c3"/>
      </symbol>
      <symbol id="sm-650">
         <name>__mspabi_slll_15</name>
         <value>0x1205c</value>
         <object_component_ref idref="oc-2ba"/>
      </symbol>
      <symbol id="sm-651">
         <name>__mspabi_slll_14</name>
         <value>0x12060</value>
         <object_component_ref idref="oc-2ba"/>
      </symbol>
      <symbol id="sm-652">
         <name>__mspabi_slll_13</name>
         <value>0x12064</value>
         <object_component_ref idref="oc-2ba"/>
      </symbol>
      <symbol id="sm-653">
         <name>__mspabi_slll_12</name>
         <value>0x12068</value>
         <object_component_ref idref="oc-2ba"/>
      </symbol>
      <symbol id="sm-654">
         <name>__mspabi_slll_11</name>
         <value>0x1206c</value>
         <object_component_ref idref="oc-2ba"/>
      </symbol>
      <symbol id="sm-655">
         <name>__mspabi_slll_10</name>
         <value>0x12070</value>
         <object_component_ref idref="oc-2ba"/>
      </symbol>
      <symbol id="sm-665">
         <name>__mspabi_srll_8</name>
         <value>0x120b6</value>
         <object_component_ref idref="oc-2b0"/>
      </symbol>
      <symbol id="sm-666">
         <name>__mspabi_srll_9</name>
         <value>0x120b2</value>
         <object_component_ref idref="oc-2b0"/>
      </symbol>
      <symbol id="sm-667">
         <name>__mspabi_srll_6</name>
         <value>0x120be</value>
         <object_component_ref idref="oc-2b0"/>
      </symbol>
      <symbol id="sm-668">
         <name>__mspabi_srll_7</name>
         <value>0x120ba</value>
         <object_component_ref idref="oc-2b0"/>
      </symbol>
      <symbol id="sm-669">
         <name>__mspabi_srll_4</name>
         <value>0x120c6</value>
         <object_component_ref idref="oc-2b0"/>
      </symbol>
      <symbol id="sm-66a">
         <name>__mspabi_srll_5</name>
         <value>0x120c2</value>
         <object_component_ref idref="oc-2b0"/>
      </symbol>
      <symbol id="sm-66b">
         <name>__mspabi_srll_2</name>
         <value>0x120ce</value>
         <object_component_ref idref="oc-2b0"/>
      </symbol>
      <symbol id="sm-66c">
         <name>__mspabi_srll_3</name>
         <value>0x120ca</value>
         <object_component_ref idref="oc-2b0"/>
      </symbol>
      <symbol id="sm-66d">
         <name>__mspabi_srll_1</name>
         <value>0x120d2</value>
         <object_component_ref idref="oc-2b0"/>
      </symbol>
      <symbol id="sm-66e">
         <name>__mspabi_srll_15</name>
         <value>0x1209a</value>
         <object_component_ref idref="oc-2b0"/>
      </symbol>
      <symbol id="sm-66f">
         <name>__mspabi_srll_14</name>
         <value>0x1209e</value>
         <object_component_ref idref="oc-2b0"/>
      </symbol>
      <symbol id="sm-670">
         <name>__mspabi_srll_13</name>
         <value>0x120a2</value>
         <object_component_ref idref="oc-2b0"/>
      </symbol>
      <symbol id="sm-671">
         <name>__mspabi_srll_12</name>
         <value>0x120a6</value>
         <object_component_ref idref="oc-2b0"/>
      </symbol>
      <symbol id="sm-672">
         <name>__mspabi_srll_11</name>
         <value>0x120aa</value>
         <object_component_ref idref="oc-2b0"/>
      </symbol>
      <symbol id="sm-673">
         <name>__mspabi_srll_10</name>
         <value>0x120ae</value>
         <object_component_ref idref="oc-2b0"/>
      </symbol>
      <symbol id="sm-674">
         <name>__mspabi_srll</name>
         <value>0x124ec</value>
         <object_component_ref idref="oc-2c8"/>
      </symbol>
      <symbol id="sm-687">
         <name>memcpy</name>
         <value>0x12494</value>
         <object_component_ref idref="oc-d6"/>
      </symbol>
      <symbol id="sm-6a8">
         <name>__mspabi_mpyd</name>
         <value>0x105bc</value>
         <object_component_ref idref="oc-19f"/>
      </symbol>
      <symbol id="sm-6be">
         <name>__mspabi_mpyi_f5hw</name>
         <value>0x1247e</value>
         <object_component_ref idref="oc-2a0"/>
      </symbol>
      <symbol id="sm-6df">
         <name>__mspabi_mpyl_f5hw</name>
         <value>0x123aa</value>
         <object_component_ref idref="oc-2b5"/>
      </symbol>
      <symbol id="sm-6f5">
         <name>_system_pre_init</name>
         <value>0x12550</value>
         <object_component_ref idref="oc-10e"/>
      </symbol>
      <symbol id="sm-718">
         <name>printf</name>
         <value>0x11e36</value>
         <object_component_ref idref="oc-1ef"/>
      </symbol>
      <symbol id="sm-72c">
         <name>__TI_renormd</name>
         <value>0x11372</value>
         <object_component_ref idref="oc-2d2"/>
      </symbol>
      <symbol id="sm-742">
         <name>strtok</name>
         <value>0x11d4a</value>
         <object_component_ref idref="oc-1f8"/>
      </symbol>
      <symbol id="sm-758">
         <name>_nop</name>
         <value>0x12558</value>
         <object_component_ref idref="oc-25a"/>
      </symbol>
      <symbol id="sm-759">
         <name>_lock</name>
         <value>0x2602</value>
         <object_component_ref idref="oc-1d0"/>
      </symbol>
      <symbol id="sm-75a">
         <name>_unlock</name>
         <value>0x2606</value>
         <object_component_ref idref="oc-1d9"/>
      </symbol>
      <symbol id="sm-7c7">
         <name>__TI_printfi_minimal</name>
         <value>0x11130</value>
         <object_component_ref idref="oc-285"/>
      </symbol>
      <symbol id="sm-7d9">
         <name>__mspabi_sral</name>
         <value>0x124cc</value>
         <object_component_ref idref="oc-2cd"/>
      </symbol>
      <symbol id="sm-7da">
         <name>__mspabi_sral_15</name>
         <value>0x1201e</value>
         <object_component_ref idref="oc-21c"/>
      </symbol>
      <symbol id="sm-7db">
         <name>__mspabi_sral_14</name>
         <value>0x12022</value>
         <object_component_ref idref="oc-21c"/>
      </symbol>
      <symbol id="sm-7dc">
         <name>__mspabi_sral_13</name>
         <value>0x12026</value>
         <object_component_ref idref="oc-21c"/>
      </symbol>
      <symbol id="sm-7dd">
         <name>__mspabi_sral_12</name>
         <value>0x1202a</value>
         <object_component_ref idref="oc-21c"/>
      </symbol>
      <symbol id="sm-7de">
         <name>__mspabi_sral_11</name>
         <value>0x1202e</value>
         <object_component_ref idref="oc-21c"/>
      </symbol>
      <symbol id="sm-7df">
         <name>__mspabi_sral_10</name>
         <value>0x12032</value>
         <object_component_ref idref="oc-21c"/>
      </symbol>
      <symbol id="sm-7e0">
         <name>__mspabi_sral_8</name>
         <value>0x1203a</value>
         <object_component_ref idref="oc-21c"/>
      </symbol>
      <symbol id="sm-7e1">
         <name>__mspabi_sral_9</name>
         <value>0x12036</value>
         <object_component_ref idref="oc-21c"/>
      </symbol>
      <symbol id="sm-7e2">
         <name>__mspabi_sral_6</name>
         <value>0x12042</value>
         <object_component_ref idref="oc-21c"/>
      </symbol>
      <symbol id="sm-7e3">
         <name>__mspabi_sral_7</name>
         <value>0x1203e</value>
         <object_component_ref idref="oc-21c"/>
      </symbol>
      <symbol id="sm-7e4">
         <name>__mspabi_sral_4</name>
         <value>0x1204a</value>
         <object_component_ref idref="oc-21c"/>
      </symbol>
      <symbol id="sm-7e5">
         <name>__mspabi_sral_5</name>
         <value>0x12046</value>
         <object_component_ref idref="oc-21c"/>
      </symbol>
      <symbol id="sm-7e6">
         <name>__mspabi_sral_2</name>
         <value>0x12052</value>
         <object_component_ref idref="oc-21c"/>
      </symbol>
      <symbol id="sm-7e7">
         <name>__mspabi_sral_3</name>
         <value>0x1204e</value>
         <object_component_ref idref="oc-21c"/>
      </symbol>
      <symbol id="sm-7e8">
         <name>__mspabi_sral_1</name>
         <value>0x12056</value>
         <object_component_ref idref="oc-21c"/>
      </symbol>
      <symbol id="sm-804">
         <name>_auto_init_hold_wdt</name>
         <value>0x1183e</value>
         <object_component_ref idref="oc-114"/>
      </symbol>
      <symbol id="sm-814">
         <name>__TI_tmpnams</name>
         <value>0x2732</value>
      </symbol>
      <symbol id="sm-815">
         <name>_ftable</name>
         <value>0x2400</value>
         <object_component_ref idref="oc-276"/>
      </symbol>
      <symbol id="sm-816">
         <name>__TI_ft_end</name>
         <value>0x260e</value>
         <object_component_ref idref="oc-406"/>
      </symbol>
      <symbol id="sm-820">
         <name>__mspabi_remu</name>
         <value>0x12468</value>
         <object_component_ref idref="oc-438"/>
      </symbol>
      <symbol id="sm-821">
         <name>__mspabi_divu</name>
         <value>0x12468</value>
         <object_component_ref idref="oc-438"/>
      </symbol>
      <symbol id="sm-834">
         <name>putc</name>
         <value>0x114c2</value>
         <object_component_ref idref="oc-2f0"/>
      </symbol>
      <symbol id="sm-835">
         <name>fputc</name>
         <value>0x114c2</value>
         <object_component_ref idref="oc-2f0"/>
      </symbol>
      <symbol id="sm-84d">
         <name>fputs</name>
         <value>0x10f60</value>
         <object_component_ref idref="oc-2e9"/>
      </symbol>
      <symbol id="sm-85e">
         <name>__TI_frcmpyd</name>
         <value>0x10000</value>
         <object_component_ref idref="oc-227"/>
      </symbol>
      <symbol id="sm-8b6">
         <name>lseek</name>
         <value>0x120d8</value>
         <object_component_ref idref="oc-3ad"/>
      </symbol>
      <symbol id="sm-8b7">
         <name>write</name>
         <value>0x12116</value>
         <object_component_ref idref="oc-34a"/>
      </symbol>
      <symbol id="sm-8b8">
         <name>close</name>
         <value>0x11c96</value>
         <object_component_ref idref="oc-443"/>
      </symbol>
      <symbol id="sm-8b9">
         <name>unlink</name>
         <value>0x12258</value>
         <object_component_ref idref="oc-44a"/>
      </symbol>
      <symbol id="sm-8c8">
         <name>memccpy</name>
         <value>0x123cc</value>
         <object_component_ref idref="oc-363"/>
      </symbol>
      <symbol id="sm-8d7">
         <name>memchr</name>
         <value>0x1243c</value>
         <object_component_ref idref="oc-33e"/>
      </symbol>
      <symbol id="sm-8e5">
         <name>memset</name>
         <value>0x12452</value>
         <object_component_ref idref="oc-356"/>
      </symbol>
      <symbol id="sm-8f5">
         <name>strchr</name>
         <value>0x123ea</value>
         <object_component_ref idref="oc-485"/>
      </symbol>
      <symbol id="sm-903">
         <name>strcmp</name>
         <value>0x12406</value>
         <object_component_ref idref="oc-4a2"/>
      </symbol>
      <symbol id="sm-913">
         <name>strcspn</name>
         <value>0x122e4</value>
         <object_component_ref idref="oc-298"/>
      </symbol>
      <symbol id="sm-920">
         <name>strlen</name>
         <value>0x124fc</value>
         <object_component_ref idref="oc-2f7"/>
      </symbol>
      <symbol id="sm-930">
         <name>strncpy</name>
         <value>0x12226</value>
         <object_component_ref idref="oc-48b"/>
      </symbol>
      <symbol id="sm-942">
         <name>strspn</name>
         <value>0x12310</value>
         <object_component_ref idref="oc-292"/>
      </symbol>
      <symbol id="sm-97d">
         <name>HOSTrename</name>
         <value>0x116ec</value>
         <object_component_ref idref="oc-430"/>
      </symbol>
      <symbol id="sm-97e">
         <name>HOSTclose</name>
         <value>0x11d9e</value>
         <object_component_ref idref="oc-412"/>
      </symbol>
      <symbol id="sm-97f">
         <name>HOSTunlink</name>
         <value>0x11f12</value>
         <object_component_ref idref="oc-42a"/>
      </symbol>
      <symbol id="sm-980">
         <name>HOSTlseek</name>
         <value>0x11424</value>
         <object_component_ref idref="oc-424"/>
      </symbol>
      <symbol id="sm-981">
         <name>HOSTopen</name>
         <value>0x117d0</value>
         <object_component_ref idref="oc-40c"/>
      </symbol>
      <symbol id="sm-982">
         <name>HOSTwrite</name>
         <value>0x118aa</value>
         <object_component_ref idref="oc-41e"/>
      </symbol>
      <symbol id="sm-983">
         <name>HOSTread</name>
         <value>0x1197e</value>
         <object_component_ref idref="oc-418"/>
      </symbol>
      <symbol id="sm-9a1">
         <name>__TI_readmsg</name>
         <value>0x121f4</value>
         <object_component_ref idref="oc-45d"/>
      </symbol>
      <symbol id="sm-9a2">
         <name>C$$IO$$</name>
         <value>0x121ba</value>
         <object_component_ref idref="oc-457"/>
      </symbol>
      <symbol id="sm-9a3">
         <name>_CIOBUF_</name>
         <value>0x2612</value>
         <object_component_ref idref="oc-47d"/>
      </symbol>
      <symbol id="sm-9a4">
         <name>__TI_writemsg</name>
         <value>0x12188</value>
         <object_component_ref idref="oc-457"/>
      </symbol>
      <symbol id="sm-9bc">
         <name>__TI_wrt_ok</name>
         <value>0x1166e</value>
         <object_component_ref idref="oc-338"/>
      </symbol>
      <symbol id="sm-9ce">
         <name>__TI_doflush</name>
         <value>0x11ab4</value>
         <object_component_ref idref="oc-344"/>
      </symbol>
      <symbol id="sm-9de">
         <name>fseek</name>
         <value>0x11914</value>
         <object_component_ref idref="oc-37a"/>
      </symbol>
      <symbol id="sm-9f6">
         <name>setvbuf</name>
         <value>0x11050</value>
         <object_component_ref idref="oc-380"/>
      </symbol>
      <symbol id="sm-a03">
         <name>strcpy</name>
         <value>0x124ba</value>
         <object_component_ref idref="oc-469"/>
      </symbol>
      <symbol id="sm-a0f">
         <name>__TI_cleanup</name>
         <value>0x12152</value>
         <object_component_ref idref="oc-3c1"/>
      </symbol>
      <symbol id="sm-a55">
         <name>_sys_memory</name>
         <value>0x27ec</value>
         <object_component_ref idref="oc-d3"/>
      </symbol>
      <symbol id="sm-a56">
         <name>free</name>
         <value>0x11552</value>
         <object_component_ref idref="oc-3b5"/>
      </symbol>
      <symbol id="sm-a57">
         <name>malloc</name>
         <value>0x11202</value>
         <object_component_ref idref="oc-3bb"/>
      </symbol>
      <symbol id="sm-a58">
         <name>minit</name>
         <value>0x11f9e</value>
         <object_component_ref idref="oc-3f9"/>
      </symbol>
      <symbol id="sm-a69">
         <name>__TI_closefile</name>
         <value>0x11760</value>
         <object_component_ref idref="oc-400"/>
      </symbol>
      <symbol id="sm-a6c">
         <name>__TI_INITARRAY_Base</name>
         <value>0x0</value>
      </symbol>
      <symbol id="sm-a6d">
         <name>__TI_INITARRAY_Limit</name>
         <value>0x0</value>
      </symbol>
      <symbol id="sm-a6e">
         <name>remove</name>
         <value>0x12258</value>
      </symbol>
   </symbol_table>
   <title>Link successful</title>
</link_info>
